Archive member included to satisfy reference by file (symbol)

/home/jakub/st/stm32cubeide_1.18.1/plugins/com.st.stm32cube.ide.mcu.externaltools.gnu-tools-for-stm32.13.3.rel1.linux64_1.0.0.202410170706/tools/bin/../lib/gcc/arm-none-eabi/13.3.1/../../../../arm-none-eabi/lib/thumb/v7e-m+fp/hard/libc_nano.a(libc_a-exit.o)
                              /home/jakub/st/stm32cubeide_1.18.1/plugins/com.st.stm32cube.ide.mcu.externaltools.gnu-tools-for-stm32.13.3.rel1.linux64_1.0.0.202410170706/tools/bin/../lib/gcc/arm-none-eabi/13.3.1/../../../../arm-none-eabi/lib/thumb/v7e-m+fp/hard/crt0.o (exit)
/home/jakub/st/stm32cubeide_1.18.1/plugins/com.st.stm32cube.ide.mcu.externaltools.gnu-tools-for-stm32.13.3.rel1.linux64_1.0.0.202410170706/tools/bin/../lib/gcc/arm-none-eabi/13.3.1/../../../../arm-none-eabi/lib/thumb/v7e-m+fp/hard/libc_nano.a(libc_a-findfp.o)
                              /home/jakub/st/stm32cubeide_1.18.1/plugins/com.st.stm32cube.ide.mcu.externaltools.gnu-tools-for-stm32.13.3.rel1.linux64_1.0.0.202410170706/tools/bin/../lib/gcc/arm-none-eabi/13.3.1/../../../../arm-none-eabi/lib/thumb/v7e-m+fp/hard/libc_nano.a(libc_a-exit.o) (__stdio_exit_handler)
/home/jakub/st/stm32cubeide_1.18.1/plugins/com.st.stm32cube.ide.mcu.externaltools.gnu-tools-for-stm32.13.3.rel1.linux64_1.0.0.202410170706/tools/bin/../lib/gcc/arm-none-eabi/13.3.1/../../../../arm-none-eabi/lib/thumb/v7e-m+fp/hard/libc_nano.a(libc_a-fwalk.o)
                              /home/jakub/st/stm32cubeide_1.18.1/plugins/com.st.stm32cube.ide.mcu.externaltools.gnu-tools-for-stm32.13.3.rel1.linux64_1.0.0.202410170706/tools/bin/../lib/gcc/arm-none-eabi/13.3.1/../../../../arm-none-eabi/lib/thumb/v7e-m+fp/hard/libc_nano.a(libc_a-findfp.o) (_fwalk_sglue)
/home/jakub/st/stm32cubeide_1.18.1/plugins/com.st.stm32cube.ide.mcu.externaltools.gnu-tools-for-stm32.13.3.rel1.linux64_1.0.0.202410170706/tools/bin/../lib/gcc/arm-none-eabi/13.3.1/../../../../arm-none-eabi/lib/thumb/v7e-m+fp/hard/libc_nano.a(libc_a-stdio.o)
                              /home/jakub/st/stm32cubeide_1.18.1/plugins/com.st.stm32cube.ide.mcu.externaltools.gnu-tools-for-stm32.13.3.rel1.linux64_1.0.0.202410170706/tools/bin/../lib/gcc/arm-none-eabi/13.3.1/../../../../arm-none-eabi/lib/thumb/v7e-m+fp/hard/libc_nano.a(libc_a-findfp.o) (__sread)
/home/jakub/st/stm32cubeide_1.18.1/plugins/com.st.stm32cube.ide.mcu.externaltools.gnu-tools-for-stm32.13.3.rel1.linux64_1.0.0.202410170706/tools/bin/../lib/gcc/arm-none-eabi/13.3.1/../../../../arm-none-eabi/lib/thumb/v7e-m+fp/hard/libc_nano.a(libc_a-memset.o)
                              /home/jakub/st/stm32cubeide_1.18.1/plugins/com.st.stm32cube.ide.mcu.externaltools.gnu-tools-for-stm32.13.3.rel1.linux64_1.0.0.202410170706/tools/bin/../lib/gcc/arm-none-eabi/13.3.1/../../../../arm-none-eabi/lib/thumb/v7e-m+fp/hard/crt0.o (memset)
/home/jakub/st/stm32cubeide_1.18.1/plugins/com.st.stm32cube.ide.mcu.externaltools.gnu-tools-for-stm32.13.3.rel1.linux64_1.0.0.202410170706/tools/bin/../lib/gcc/arm-none-eabi/13.3.1/../../../../arm-none-eabi/lib/thumb/v7e-m+fp/hard/libc_nano.a(libc_a-closer.o)
                              /home/jakub/st/stm32cubeide_1.18.1/plugins/com.st.stm32cube.ide.mcu.externaltools.gnu-tools-for-stm32.13.3.rel1.linux64_1.0.0.202410170706/tools/bin/../lib/gcc/arm-none-eabi/13.3.1/../../../../arm-none-eabi/lib/thumb/v7e-m+fp/hard/libc_nano.a(libc_a-stdio.o) (_close_r)
/home/jakub/st/stm32cubeide_1.18.1/plugins/com.st.stm32cube.ide.mcu.externaltools.gnu-tools-for-stm32.13.3.rel1.linux64_1.0.0.202410170706/tools/bin/../lib/gcc/arm-none-eabi/13.3.1/../../../../arm-none-eabi/lib/thumb/v7e-m+fp/hard/libc_nano.a(libc_a-reent.o)
                              /home/jakub/st/stm32cubeide_1.18.1/plugins/com.st.stm32cube.ide.mcu.externaltools.gnu-tools-for-stm32.13.3.rel1.linux64_1.0.0.202410170706/tools/bin/../lib/gcc/arm-none-eabi/13.3.1/../../../../arm-none-eabi/lib/thumb/v7e-m+fp/hard/libc_nano.a(libc_a-closer.o) (errno)
/home/jakub/st/stm32cubeide_1.18.1/plugins/com.st.stm32cube.ide.mcu.externaltools.gnu-tools-for-stm32.13.3.rel1.linux64_1.0.0.202410170706/tools/bin/../lib/gcc/arm-none-eabi/13.3.1/../../../../arm-none-eabi/lib/thumb/v7e-m+fp/hard/libc_nano.a(libc_a-impure.o)
                              /home/jakub/st/stm32cubeide_1.18.1/plugins/com.st.stm32cube.ide.mcu.externaltools.gnu-tools-for-stm32.13.3.rel1.linux64_1.0.0.202410170706/tools/bin/../lib/gcc/arm-none-eabi/13.3.1/../../../../arm-none-eabi/lib/thumb/v7e-m+fp/hard/libc_nano.a(libc_a-reent.o) (_impure_ptr)
/home/jakub/st/stm32cubeide_1.18.1/plugins/com.st.stm32cube.ide.mcu.externaltools.gnu-tools-for-stm32.13.3.rel1.linux64_1.0.0.202410170706/tools/bin/../lib/gcc/arm-none-eabi/13.3.1/../../../../arm-none-eabi/lib/thumb/v7e-m+fp/hard/libc_nano.a(libc_a-lseekr.o)
[...]
Memory Configuration

Name             Origin             Length             Attributes
RAM              0x20000000         0x00008000         xrw
FLASH            0x08000000         0x00020000         xr
*default*        0x00000000         0xffffffff

Linker script and memory map

LOAD /home/jakub/st/stm32cubeide_1.18.1/plugins/com.st.stm32cube.ide.mcu.externaltools.gnu-tools-for-stm32.13.3.rel1.linux64_1.0.0.202410170706/tools/bin/../lib/gcc/arm-none-eabi/13.3.1/thumb/v7e-m+fp/hard/crti.o
LOAD /home/jakub/st/stm32cubeide_1.18.1/plugins/com.st.stm32cube.ide.mcu.externaltools.gnu-tools-for-stm32.13.3.rel1.linux64_1.0.0.202410170706/tools/bin/../lib/gcc/arm-none-eabi/13.3.1/thumb/v7e-m+fp/hard/crtbegin.o
LOAD /home/jakub/st/stm32cubeide_1.18.1/plugins/com.st.stm32cube.ide.mcu.externaltools.gnu-tools-for-stm32.13.3.rel1.linux64_1.0.0.202410170706/tools/bin/../lib/gcc/arm-none-eabi/13.3.1/../../../../arm-none-eabi/lib/thumb/v7e-m+fp/hard/crt0.o
LOAD ./Core/Src/adc.o
LOAD ./Core/Src/gpio.o
LOAD ./Core/Src/i2c.o
LOAD ./Core/Src/main.o
LOAD ./Core/Src/motors.o
LOAD ./Core/Src/stm32g4xx_hal_msp.o
LOAD ./Core/Src/stm32g4xx_it.o
LOAD ./Core/Src/syscalls.o
LOAD ./Core/Src/sysmem.o
LOAD ./Core/Src/system_stm32g4xx.o
LOAD ./Core/Src/tim.o
LOAD ./Core/Src/timing.o
LOAD ./Core/Src/vl53l0x_user.o
LOAD ./Core/Startup/startup_stm32g431cbtx.o
LOAD ./Drivers/STM32G4xx_HAL_Driver/Src/stm32g4xx_hal.o
LOAD ./Drivers/STM32G4xx_HAL_Driver/Src/stm32g4xx_hal_adc.o
LOAD ./Drivers/STM32G4xx_HAL_Driver/Src/stm32g4xx_hal_adc_ex.o
LOAD ./Drivers/STM32G4xx_HAL_Driver/Src/stm32g4xx_hal_cortex.o
LOAD ./Drivers/STM32G4xx_HAL_Driver/Src/stm32g4xx_hal_dma.o
LOAD ./Drivers/STM32G4xx_HAL_Driver/Src/stm32g4xx_hal_dma_ex.o
LOAD ./Drivers/STM32G4xx_HAL_Driver/Src/stm32g4xx_hal_exti.o
LOAD ./Drivers/STM32G4xx_HAL_Driver/Src/stm32g4xx_hal_flash.o
LOAD ./Drivers/STM32G4xx_HAL_Driver/Src/stm32g4xx_hal_flash_ex.o
LOAD ./Drivers/STM32G4xx_HAL_Driver/Src/stm32g4xx_hal_flash_ramfunc.o
LOAD ./Drivers/STM32G4xx_HAL_Driver/Src/stm32g4xx_hal_gpio.o
LOAD ./Drivers/STM32G4xx_HAL_Driver/Src/stm32g4xx_hal_i2c.o
LOAD ./Drivers/STM32G4xx_HAL_Driver/Src/stm32g4xx_hal_i2c_ex.o
LOAD ./Drivers/STM32G4xx_HAL_Driver/Src/stm32g4xx_hal_pwr.o
LOAD ./Drivers/STM32G4xx_HAL_Driver/Src/stm32g4xx_hal_pwr_ex.o
LOAD ./Drivers/STM32G4xx_HAL_Driver/Src/stm32g4xx_hal_rcc.o
LOAD ./Drivers/STM32G4xx_HAL_Driver/Src/stm32g4xx_hal_rcc_ex.o
LOAD ./Drivers/STM32G4xx_HAL_Driver/Src/stm32g4xx_hal_tim.o
LOAD ./Drivers/STM32G4xx_HAL_Driver/Src/stm32g4xx_hal_tim_ex.o
LOAD ./Drivers/STM32G4xx_HAL_Driver/Src/stm32g4xx_ll_adc.o
LOAD ./Libs/VL53L0X/core/src/vl53l0x_api.o
LOAD ./Libs/VL53L0X/core/src/vl53l0x_api_calibration.o
LOAD ./Libs/VL53L0X/core/src/vl53l0x_api_core.o
LOAD ./Libs/VL53L0X/core/src/vl53l0x_api_ranging.o
LOAD ./Libs/VL53L0X/core/src/vl53l0x_api_strings.o
LOAD ./Libs/VL53L0X/platform/src/vl53l0x_platform.o
LOAD ./Libs/VL53L0X/platform/src/vl53l0x_platform_log.o
START GROUP
LOAD /home/jakub/st/stm32cubeide_1.18.1/plugins/com.st.stm32cube.ide.mcu.externaltools.gnu-tools-for-stm32.13.3.rel1.linux64_1.0.0.202410170706/tools/bin/../lib/gcc/arm-none-eabi/13.3.1/../../../../arm-none-eabi/lib/thumb/v7e-m+fp/hard/libc_nano.a
LOAD /home/jakub/st/stm32cubeide_1.18.1/plugins/com.st.stm32cube.ide.mcu.externaltools.gnu-tools-for-stm32.13.3.rel1.linux64_1.0.0.202410170706/tools/bin/../lib/gcc/arm-none-eabi/13.3.1/../../../../arm-none-eabi/lib/thumb/v7e-m+fp/hard/libm.a
END GROUP
START GROUP
LOAD /home/jakub/st/stm32cubeide_1.18.1/plugins/com.st.stm32cube.ide.mcu.externaltools.gnu-tools-for-stm32.13.3.rel1.linux64_1.0.0.202410170706/tools/bin/../lib/gcc/arm-none-eabi/13.3.1/thumb/v7e-m+fp/hard/libgcc.a
LOAD /home/jakub/st/stm32cubeide_1.18.1/plugins/com.st.stm32cube.ide.mcu.externaltools.gnu-tools-for-stm32.13.3.rel1.linux64_1.0.0.202410170706/tools/bin/../lib/gcc/arm-none-eabi/13.3.1/../../../../arm-none-eabi/lib/thumb/v7e-m+fp/hard/libc_nano.a
END GROUP
START GROUP
LOAD /home/jakub/st/stm32cubeide_1.18.1/plugins/com.st.stm32cube.ide.mcu.externaltools.gnu-tools-for-stm32.13.3.rel1.linux64_1.0.0.202410170706/tools/bin/../lib/gcc/arm-none-eabi/13.3.1/thumb/v7e-m+fp/hard/libgcc.a
LOAD /home/jakub/st/stm32cubeide_1.18.1/plugins/com.st.stm32cube.ide.mcu.externaltools.gnu-tools-for-stm32.13.3.rel1.linux64_1.0.0.202410170706/tools/bin/../lib/gcc/arm-none-eabi/13.3.1/../../../../arm-none-eabi/lib/thumb/v7e-m+fp/hard/libc_nano.a
LOAD /home/jakub/st/stm32cubeide_1.18.1/plugins/com.st.stm32cube.ide.mcu.externaltools.gnu-tools-for-stm32.13.3.rel1.linux64_1.0.0.202410170706/tools/bin/../lib/gcc/arm-none-eabi/13.3.1/../../../../arm-none-eabi/lib/thumb/v7e-m+fp/hard/libnosys.a
END GROUP
START GROUP
LOAD /home/jakub/st/stm32cubeide_1.18.1/plugins/com.st.stm32cube.ide.mcu.externaltools.gnu-tools-for-stm32.13.3.rel1.linux64_1.0.0.202410170706/tools/bin/../lib/gcc/arm-none-eabi/13.3.1/thumb/v7e-m+fp/hard/libgcc.a
LOAD /home/jakub/st/stm32cubeide_1.18.1/plugins/com.st.stm32cube.ide.mcu.externaltools.gnu-tools-for-stm32.13.3.rel1.linux64_1.0.0.202410170706/tools/bin/../lib/gcc/arm-none-eabi/13.3.1/../../../../arm-none-eabi/lib/thumb/v7e-m+fp/hard/libc_nano.a
LOAD /home/jakub/st/stm32cubeide_1.18.1/plugins/com.st.stm32cube.ide.mcu.externaltools.gnu-tools-for-stm32.13.3.rel1.linux64_1.0.0.202410170706/tools/bin/../lib/gcc/arm-none-eabi/13.3.1/../../../../arm-none-eabi/lib/thumb/v7e-m+fp/hard/libnosys.a
END GROUP
LOAD /home/jakub/st/stm32cubeide_1.18.1/plugins/com.st.stm32cube.ide.mcu.externaltools.gnu-tools-for-stm32.13.3.rel1.linux64_1.0.0.202410170706/tools/bin/../lib/gcc/arm-none-eabi/13.3.1/thumb/v7e-m+fp/hard/crtend.o
LOAD /home/jakub/st/stm32cubeide_1.18.1/plugins/com.st.stm32cube.ide.mcu.externaltools.gnu-tools-for-stm32.13.3.rel1.linux64_1.0.0.202410170706/tools/bin/../lib/gcc/arm-none-eabi/13.3.1/thumb/v7e-m+fp/hard/crtn.o
                0x20008000                        _estack = (ORIGIN (RAM) + LENGTH (RAM))
                0x00000200                        _Min_Heap_Size = 0x200
                0x00000400                        _Min_Stack_Size = 0x400

.isr_vector     0x08000000      0x1d8
                0x08000000                        . = ALIGN (0x4)
 *(.isr_vector)
 .isr_vector    0x08000000      0x1d8 ./Core/Startup/startup_stm32g431cbtx.o
                0x08000000                g_pfnVectors
                0x080001d8                        . = ALIGN (0x4)

.text           0x080001d8     0xa3ac
                0x080001d8                        . = ALIGN (0x4)
 *(.text)
 .text          0x080001d8       0x40 /home/jakub/st/stm32cubeide_1.18.1/plugins/com.st.stm32cube.ide.mcu.externaltools.gnu-tools-for-stm32.13.3.rel1.linux64_1.0.0.202410170706/tools/bin/../lib/gcc/arm-none-eabi/13.3.1/thumb/v7e-m+fp/hard/crtbegin.o
 *(.text*)
 .text.MX_ADC1_Init
                0x08000218      0x138 ./Core/Src/adc.o
                0x08000218                MX_ADC1_Init
 .text.HAL_ADC_MspInit
                0x08000350       0xb8 ./Core/Src/adc.o
                0x08000350                HAL_ADC_MspInit
 .text.MX_GPIO_Init
                0x08000408      0x178 ./Core/Src/gpio.o
                0x08000408                MX_GPIO_Init
 .text.MX_I2C1_Init
                0x08000580       0x80 ./Core/Src/i2c.o
                0x08000580                MX_I2C1_Init
 .text.MX_I2C2_Init
                0x08000600       0x80 ./Core/Src/i2c.o
                0x08000600                MX_I2C2_Init
 .text.HAL_I2C_MspInit
                0x08000680      0x170 ./Core/Src/i2c.o
                0x08000680                HAL_I2C_MspInit
 .text.main     0x080007f0       0x68 ./Core/Src/main.o
                0x080007f0                main
 .text.SystemClock_Config
                0x08000858       0x96 ./Core/Src/main.o
                0x08000858                SystemClock_Config
 .text.Error_Handler
                0x080008ee        0xc ./Core/Src/main.o
                0x080008ee                Error_Handler
 *fill*         0x080008fa        0x2 
 .text.Motors_Init
                0x080008fc       0x1c ./Core/Src/motors.o
                0x080008fc                Motors_Init
 .text.HAL_MspInit
                0x08000918       0x48 ./Core/Src/stm32g4xx_hal_msp.o
                0x08000918                HAL_MspInit
 .text.NMI_Handler
                0x08000960        0x8 ./Core/Src/stm32g4xx_it.o
                0x08000960                NMI_Handler
 .text.HardFault_Handler
                0x08000968        0x8 ./Core/Src/stm32g4xx_it.o
                0x08000968                HardFault_Handler
 .text.MemManage_Handler
                0x08000970        0x8 ./Core/Src/stm32g4xx_it.o
                0x08000970                MemManage_Handler
 .text.BusFault_Handler
                0x08000978        0x8 ./Core/Src/stm32g4xx_it.o
                0x08000978                BusFault_Handler
 .text.UsageFault_Handler
                0x08000980        0x8 ./Core/Src/stm32g4xx_it.o
                0x08000980                UsageFault_Handler
 .text.SVC_Handler
                0x08000988        0xe ./Core/Src/stm32g4xx_it.o
                0x08000988                SVC_Handler
 .text.DebugMon_Handler
                0x08000996        0xe ./Core/Src/stm32g4xx_it.o
                0x08000996                DebugMon_Handler
 .text.PendSV_Handler
                0x080009a4        0xe ./Core/Src/stm32g4xx_it.o
                0x080009a4                PendSV_Handler
 .text.SysTick_Handler
                0x080009b2        0xc ./Core/Src/stm32g4xx_it.o
                0x080009b2                SysTick_Handler
 *fill*         0x080009be        0x2 
 .text.ADC1_2_IRQHandler
                0x080009c0       0x14 ./Core/Src/stm32g4xx_it.o
                0x080009c0                ADC1_2_IRQHandler
 .text.EXTI15_10_IRQHandler
                0x080009d4       0x28 ./Core/Src/stm32g4xx_it.o
                0x080009d4                EXTI15_10_IRQHandler
 .text.SystemInit
                0x080009fc       0x24 ./Core/Src/system_stm32g4xx.o
                0x080009fc                SystemInit
 .text.MX_TIM3_Init
                0x08000a20       0xcc ./Core/Src/tim.o
                0x08000a20                MX_TIM3_Init
 .text.MX_TIM6_Init
                0x08000aec       0x70 ./Core/Src/tim.o
                0x08000aec                MX_TIM6_Init
 .text.HAL_TIM_PWM_MspInit
                0x08000b5c       0x40 ./Core/Src/tim.o
                0x08000b5c                HAL_TIM_PWM_MspInit
 .text.HAL_TIM_Base_MspInit
                0x08000b9c       0x40 ./Core/Src/tim.o
                0x08000b9c                HAL_TIM_Base_MspInit
 .text.HAL_TIM_MspPostInit
                0x08000bdc       0x70 ./Core/Src/tim.o
                0x08000bdc                HAL_TIM_MspPostInit
 .text.HAL_Delay
                0x08000c4c       0x1a ./Core/Src/timing.o
                0x08000c4c                HAL_Delay
 *fill*         0x08000c66        0x2 
 .text.MyDelay_ms
                0x08000c68       0x44 ./Core/Src/timing.o
                0x08000c68                MyDelay_ms
 .text.TOF_InitSensors
                0x08000cac      0x180 ./Core/Src/vl53l0x_user.o
                0x08000cac                TOF_InitSensors
 .text.TOF_ReadDistance
                0x08000e2c       0x48 ./Core/Src/vl53l0x_user.o
                0x08000e2c                TOF_ReadDistance
 .text.TOF_ReadAllDistances
                0x08000e74       0x3a ./Core/Src/vl53l0x_user.o
                0x08000e74                TOF_ReadAllDistances
 *fill*         0x08000eae        0x2 
 .text.Reset_Handler
                0x08000eb0       0x50 ./Core/Startup/startup_stm32g431cbtx.o
                0x08000eb0                Reset_Handler
 .text.Default_Handler
                0x08000f00        0x2 ./Core/Startup/startup_stm32g431cbtx.o
                0x08000f00                RTC_Alarm_IRQHandler
                0x08000f00                EXTI2_IRQHandler
                0x08000f00                TIM8_TRG_COM_IRQHandler
                0x08000f00                TIM8_CC_IRQHandler
                0x08000f00                TIM1_CC_IRQHandler
                0x08000f00                USB_HP_IRQHandler
                0x08000f00                CORDIC_IRQHandler
                0x08000f00                EXTI3_IRQHandler
                0x08000f00                I2C3_ER_IRQHandler
                0x08000f00                EXTI0_IRQHandler
                0x08000f00                I2C2_EV_IRQHandler
                0x08000f00                FPU_IRQHandler
                0x08000f00                FDCAN1_IT1_IRQHandler
                0x08000f00                TIM1_UP_TIM16_IRQHandler
                0x08000f00                SPI1_IRQHandler
                0x08000f00                TIM6_DAC_IRQHandler
                0x08000f00                TIM8_UP_IRQHandler
                0x08000f00                DMA2_Channel2_IRQHandler
                0x08000f00                DMA1_Channel4_IRQHandler
                0x08000f00                USART3_IRQHandler
                0x08000f00                TIM4_IRQHandler
                0x08000f00                DMA2_Channel1_IRQHandler
                0x08000f00                I2C1_EV_IRQHandler
                0x08000f00                DMA1_Channel6_IRQHandler
                0x08000f00                UART4_IRQHandler
                0x08000f00                DMA2_Channel4_IRQHandler
                0x08000f00                TIM3_IRQHandler
                0x08000f00                RCC_IRQHandler
                0x08000f00                DMA1_Channel1_IRQHandler
                0x08000f00                Default_Handler
                0x08000f00                RTC_TAMP_LSECSS_IRQHandler
                0x08000f00                FMAC_IRQHandler
                0x08000f00                TIM7_IRQHandler
                0x08000f00                UCPD1_IRQHandler
                0x08000f00                I2C3_EV_IRQHandler
                0x08000f00                EXTI9_5_IRQHandler
                0x08000f00                RTC_WKUP_IRQHandler
                0x08000f00                PVD_PVM_IRQHandler
                0x08000f00                SPI2_IRQHandler
                0x08000f00                DMA2_Channel5_IRQHandler
                0x08000f00                CRS_IRQHandler
                0x08000f00                DMA1_Channel5_IRQHandler
                0x08000f00                USB_LP_IRQHandler
                0x08000f00                EXTI4_IRQHandler
                0x08000f00                RNG_IRQHandler
                0x08000f00                TIM1_TRG_COM_TIM17_IRQHandler
                0x08000f00                DMA1_Channel3_IRQHandler
                0x08000f00                WWDG_IRQHandler
                0x08000f00                LPUART1_IRQHandler
                0x08000f00                DMA2_Channel6_IRQHandler
                0x08000f00                FDCAN1_IT0_IRQHandler
                0x08000f00                TIM2_IRQHandler
                0x08000f00                COMP1_2_3_IRQHandler
                0x08000f00                EXTI1_IRQHandler
                0x08000f00                USART2_IRQHandler
                0x08000f00                I2C2_ER_IRQHandler
                0x08000f00                DMA1_Channel2_IRQHandler
                0x08000f00                TIM8_BRK_IRQHandler
                0x08000f00                FLASH_IRQHandler
                0x08000f00                USART1_IRQHandler
                0x08000f00                SPI3_IRQHandler
                0x08000f00                I2C1_ER_IRQHandler
                0x08000f00                LPTIM1_IRQHandler
                0x08000f00                DMAMUX_OVR_IRQHandler
                0x08000f00                USBWakeUp_IRQHandler
                0x08000f00                SAI1_IRQHandler
                0x08000f00                DMA2_Channel3_IRQHandler
                0x08000f00                COMP4_IRQHandler
                0x08000f00                TIM1_BRK_TIM15_IRQHandler
 .text.HAL_Init
                0x08000f02       0x30 ./Drivers/STM32G4xx_HAL_Driver/Src/stm32g4xx_hal.o
                0x08000f02                HAL_Init
 *fill*         0x08000f32        0x2 
 .text.HAL_InitTick
                0x08000f34       0x74 ./Drivers/STM32G4xx_HAL_Driver/Src/stm32g4xx_hal.o
                0x08000f34                HAL_InitTick
 .text.HAL_IncTick
                0x08000fa8       0x24 ./Drivers/STM32G4xx_HAL_Driver/Src/stm32g4xx_hal.o
                0x08000fa8                HAL_IncTick
 .text.HAL_GetTick
                0x08000fcc       0x18 ./Drivers/STM32G4xx_HAL_Driver/Src/stm32g4xx_hal.o
                0x08000fcc                HAL_GetTick
 .text.LL_ADC_SetCommonClock
                0x08000fe4       0x26 ./Drivers/STM32G4xx_HAL_Driver/Src/stm32g4xx_hal_adc.o
 .text.LL_ADC_SetCommonPathInternalCh
                0x0800100a       0x26 ./Drivers/STM32G4xx_HAL_Driver/Src/stm32g4xx_hal_adc.o
 .text.LL_ADC_GetCommonPathInternalCh
                0x08001030       0x1c ./Drivers/STM32G4xx_HAL_Driver/Src/stm32g4xx_hal_adc.o
 .text.LL_ADC_SetOffset
                0x0800104c       0x48 ./Drivers/STM32G4xx_HAL_Driver/Src/stm32g4xx_hal_adc.o
 .text.LL_ADC_GetOffsetChannel
                0x08001094       0x2c ./Drivers/STM32G4xx_HAL_Driver/Src/stm32g4xx_hal_adc.o
 .text.LL_ADC_SetOffsetState
                0x080010c0       0x36 ./Drivers/STM32G4xx_HAL_Driver/Src/stm32g4xx_hal_adc.o
 .text.LL_ADC_SetOffsetSign
                0x080010f6       0x36 ./Drivers/STM32G4xx_HAL_Driver/Src/stm32g4xx_hal_adc.o
 .text.LL_ADC_SetOffsetSaturation
                0x0800112c       0x36 ./Drivers/STM32G4xx_HAL_Driver/Src/stm32g4xx_hal_adc.o
 .text.LL_ADC_SetSamplingTimeCommonConfig
                0x08001162       0x26 ./Drivers/STM32G4xx_HAL_Driver/Src/stm32g4xx_hal_adc.o
 .text.LL_ADC_REG_IsTriggerSourceSWStart
                0x08001188       0x26 ./Drivers/STM32G4xx_HAL_Driver/Src/stm32g4xx_hal_adc.o
 .text.LL_ADC_REG_SetSequencerRanks
                0x080011ae       0x58 ./Drivers/STM32G4xx_HAL_Driver/Src/stm32g4xx_hal_adc.o
 .text.LL_ADC_INJ_IsTriggerSourceSWStart
                0x08001206       0x26 ./Drivers/STM32G4xx_HAL_Driver/Src/stm32g4xx_hal_adc.o
 .text.LL_ADC_SetChannelSamplingTime
                0x0800122c       0x56 ./Drivers/STM32G4xx_HAL_Driver/Src/stm32g4xx_hal_adc.o
 *fill*         0x08001282        0x2 
 .text.LL_ADC_SetChannelSingleDiff
                0x08001284       0x48 ./Drivers/STM32G4xx_HAL_Driver/Src/stm32g4xx_hal_adc.o
 .text.LL_ADC_SetAnalogWDMonitChannels
                0x080012cc       0x5a ./Drivers/STM32G4xx_HAL_Driver/Src/stm32g4xx_hal_adc.o
 .text.LL_ADC_ConfigAnalogWDThresholds
                0x08001326       0x44 ./Drivers/STM32G4xx_HAL_Driver/Src/stm32g4xx_hal_adc.o
 .text.LL_ADC_GetMultimode
                0x0800136a       0x1c ./Drivers/STM32G4xx_HAL_Driver/Src/stm32g4xx_hal_adc.o
 .text.LL_ADC_GetMultiDMATransfer
                0x08001386       0x1c ./Drivers/STM32G4xx_HAL_Driver/Src/stm32g4xx_hal_adc.o
 .text.LL_ADC_DisableDeepPowerDown
                0x080013a2       0x24 ./Drivers/STM32G4xx_HAL_Driver/Src/stm32g4xx_hal_adc.o
 .text.LL_ADC_IsDeepPowerDownEnabled
                0x080013c6       0x28 ./Drivers/STM32G4xx_HAL_Driver/Src/stm32g4xx_hal_adc.o
 .text.LL_ADC_EnableInternalRegulator
                0x080013ee       0x28 ./Drivers/STM32G4xx_HAL_Driver/Src/stm32g4xx_hal_adc.o
 .text.LL_ADC_IsInternalRegulatorEnabled
                0x08001416       0x28 ./Drivers/STM32G4xx_HAL_Driver/Src/stm32g4xx_hal_adc.o
 .text.LL_ADC_IsEnabled
                0x0800143e       0x26 ./Drivers/STM32G4xx_HAL_Driver/Src/stm32g4xx_hal_adc.o
 .text.LL_ADC_REG_IsConversionOngoing
                0x08001464       0x26 ./Drivers/STM32G4xx_HAL_Driver/Src/stm32g4xx_hal_adc.o
 .text.LL_ADC_INJ_IsConversionOngoing
                0x0800148a       0x26 ./Drivers/STM32G4xx_HAL_Driver/Src/stm32g4xx_hal_adc.o
 .text.LL_ADC_ClearFlag_AWD1
                0x080014b0       0x1a ./Drivers/STM32G4xx_HAL_Driver/Src/stm32g4xx_hal_adc.o
 .text.LL_ADC_ClearFlag_AWD2
                0x080014ca       0x1c ./Drivers/STM32G4xx_HAL_Driver/Src/stm32g4xx_hal_adc.o
 .text.LL_ADC_ClearFlag_AWD3
                0x080014e6       0x1c ./Drivers/STM32G4xx_HAL_Driver/Src/stm32g4xx_hal_adc.o
 .text.LL_ADC_EnableIT_AWD1
                0x08001502       0x20 ./Drivers/STM32G4xx_HAL_Driver/Src/stm32g4xx_hal_adc.o
 .text.LL_ADC_EnableIT_AWD2
                0x08001522       0x20 ./Drivers/STM32G4xx_HAL_Driver/Src/stm32g4xx_hal_adc.o
 .text.LL_ADC_EnableIT_AWD3
                0x08001542       0x20 ./Drivers/STM32G4xx_HAL_Driver/Src/stm32g4xx_hal_adc.o
 .text.LL_ADC_DisableIT_AWD1
                0x08001562       0x20 ./Drivers/STM32G4xx_HAL_Driver/Src/stm32g4xx_hal_adc.o
 .text.LL_ADC_DisableIT_AWD2
                0x08001582       0x20 ./Drivers/STM32G4xx_HAL_Driver/Src/stm32g4xx_hal_adc.o
 .text.LL_ADC_DisableIT_AWD3
                0x080015a2       0x20 ./Drivers/STM32G4xx_HAL_Driver/Src/stm32g4xx_hal_adc.o
 *fill*         0x080015c2        0x2 
 .text.HAL_ADC_Init
                0x080015c4      0x308 ./Drivers/STM32G4xx_HAL_Driver/Src/stm32g4xx_hal_adc.o
                0x080015c4                HAL_ADC_Init
 .text.HAL_ADC_IRQHandler
                0x080018cc      0x434 ./Drivers/STM32G4xx_HAL_Driver/Src/stm32g4xx_hal_adc.o
                0x080018cc                HAL_ADC_IRQHandler
 .text.HAL_ADC_ConvCpltCallback
                0x08001d00       0x14 ./Drivers/STM32G4xx_HAL_Driver/Src/stm32g4xx_hal_adc.o
                0x08001d00                HAL_ADC_ConvCpltCallback
 .text.HAL_ADC_LevelOutOfWindowCallback
                0x08001d14       0x14 ./Drivers/STM32G4xx_HAL_Driver/Src/stm32g4xx_hal_adc.o
                0x08001d14                HAL_ADC_LevelOutOfWindowCallback
 .text.HAL_ADC_ErrorCallback
                0x08001d28       0x14 ./Drivers/STM32G4xx_HAL_Driver/Src/stm32g4xx_hal_adc.o
                0x08001d28                HAL_ADC_ErrorCallback
 .text.HAL_ADC_ConfigChannel
                0x08001d3c      0x7e0 ./Drivers/STM32G4xx_HAL_Driver/Src/stm32g4xx_hal_adc.o
                0x08001d3c                HAL_ADC_ConfigChannel
 .text.HAL_ADC_AnalogWDGConfig
                0x0800251c      0x418 ./Drivers/STM32G4xx_HAL_Driver/Src/stm32g4xx_hal_adc.o
                0x0800251c                HAL_ADC_AnalogWDGConfig
 .text.LL_ADC_IsEnabled
                0x08002934       0x26 ./Drivers/STM32G4xx_HAL_Driver/Src/stm32g4xx_hal_adc_ex.o
 .text.LL_ADC_REG_IsConversionOngoing
                0x0800295a       0x26 ./Drivers/STM32G4xx_HAL_Driver/Src/stm32g4xx_hal_adc_ex.o
 .text.HAL_ADCEx_InjectedConvCpltCallback
                0x08002980       0x14 ./Drivers/STM32G4xx_HAL_Driver/Src/stm32g4xx_hal_adc_ex.o
                0x08002980                HAL_ADCEx_InjectedConvCpltCallback
 .text.HAL_ADCEx_InjectedQueueOverflowCallback
                0x08002994       0x14 ./Drivers/STM32G4xx_HAL_Driver/Src/stm32g4xx_hal_adc_ex.o
                0x08002994                HAL_ADCEx_InjectedQueueOverflowCallback
 .text.HAL_ADCEx_LevelOutOfWindow2Callback
                0x080029a8       0x14 ./Drivers/STM32G4xx_HAL_Driver/Src/stm32g4xx_hal_adc_ex.o
                0x080029a8                HAL_ADCEx_LevelOutOfWindow2Callback
 .text.HAL_ADCEx_LevelOutOfWindow3Callback
                0x080029bc       0x14 ./Drivers/STM32G4xx_HAL_Driver/Src/stm32g4xx_hal_adc_ex.o
                0x080029bc                HAL_ADCEx_LevelOutOfWindow3Callback
 .text.HAL_ADCEx_EndOfSamplingCallback
                0x080029d0       0x14 ./Drivers/STM32G4xx_HAL_Driver/Src/stm32g4xx_hal_adc_ex.o
                0x080029d0                HAL_ADCEx_EndOfSamplingCallback
 .text.HAL_ADCEx_MultiModeConfigChannel
                0x080029e4      0x148 ./Drivers/STM32G4xx_HAL_Driver/Src/stm32g4xx_hal_adc_ex.o
                0x080029e4                HAL_ADCEx_MultiModeConfigChannel
 .text.__NVIC_SetPriorityGrouping
                0x08002b2c       0x48 ./Drivers/STM32G4xx_HAL_Driver/Src/stm32g4xx_hal_cortex.o
 .text.__NVIC_GetPriorityGrouping
                0x08002b74       0x1c ./Drivers/STM32G4xx_HAL_Driver/Src/stm32g4xx_hal_cortex.o
 .text.__NVIC_EnableIRQ
                0x08002b90       0x3c ./Drivers/STM32G4xx_HAL_Driver/Src/stm32g4xx_hal_cortex.o
 .text.__NVIC_SetPriority
                0x08002bcc       0x54 ./Drivers/STM32G4xx_HAL_Driver/Src/stm32g4xx_hal_cortex.o
 .text.NVIC_EncodePriority
                0x08002c20       0x66 ./Drivers/STM32G4xx_HAL_Driver/Src/stm32g4xx_hal_cortex.o
 *fill*         0x08002c86        0x2 
 .text.SysTick_Config
                0x08002c88       0x44 ./Drivers/STM32G4xx_HAL_Driver/Src/stm32g4xx_hal_cortex.o
 .text.HAL_NVIC_SetPriorityGrouping
                0x08002ccc       0x16 ./Drivers/STM32G4xx_HAL_Driver/Src/stm32g4xx_hal_cortex.o
                0x08002ccc                HAL_NVIC_SetPriorityGrouping
 .text.HAL_NVIC_SetPriority
                0x08002ce2       0x34 ./Drivers/STM32G4xx_HAL_Driver/Src/stm32g4xx_hal_cortex.o
                0x08002ce2                HAL_NVIC_SetPriority
 .text.HAL_NVIC_EnableIRQ
                0x08002d16       0x1c ./Drivers/STM32G4xx_HAL_Driver/Src/stm32g4xx_hal_cortex.o
                0x08002d16                HAL_NVIC_EnableIRQ
 .text.HAL_SYSTICK_Config
                0x08002d32       0x18 ./Drivers/STM32G4xx_HAL_Driver/Src/stm32g4xx_hal_cortex.o
                0x08002d32                HAL_SYSTICK_Config
 *fill*         0x08002d4a        0x2 
 .text.HAL_GPIO_Init
                0x08002d4c      0x304 ./Drivers/STM32G4xx_HAL_Driver/Src/stm32g4xx_hal_gpio.o
                0x08002d4c                HAL_GPIO_Init
 .text.HAL_GPIO_WritePin
                0x08003050       0x30 ./Drivers/STM32G4xx_HAL_Driver/Src/stm32g4xx_hal_gpio.o
                0x08003050                HAL_GPIO_WritePin
 .text.HAL_GPIO_TogglePin
                0x08003080       0x34 ./Drivers/STM32G4xx_HAL_Driver/Src/stm32g4xx_hal_gpio.o
                0x08003080                HAL_GPIO_TogglePin
 .text.HAL_GPIO_EXTI_IRQHandler
                0x080030b4       0x30 ./Drivers/STM32G4xx_HAL_Driver/Src/stm32g4xx_hal_gpio.o
                0x080030b4                HAL_GPIO_EXTI_IRQHandler
 .text.HAL_GPIO_EXTI_Callback
                0x080030e4       0x16 ./Drivers/STM32G4xx_HAL_Driver/Src/stm32g4xx_hal_gpio.o
                0x080030e4                HAL_GPIO_EXTI_Callback
 .text.HAL_I2C_Init
                0x080030fa      0x136 ./Drivers/STM32G4xx_HAL_Driver/Src/stm32g4xx_hal_i2c.o
                0x080030fa                HAL_I2C_Init
 .text.HAL_I2C_Master_Transmit
                0x08003230      0x230 ./Drivers/STM32G4xx_HAL_Driver/Src/stm32g4xx_hal_i2c.o
                0x08003230                HAL_I2C_Master_Transmit
 .text.HAL_I2C_Master_Receive
                0x08003460      0x1ec ./Drivers/STM32G4xx_HAL_Driver/Src/stm32g4xx_hal_i2c.o
                0x08003460                HAL_I2C_Master_Receive
 .text.I2C_Flush_TXDR
                0x0800364c       0x48 ./Drivers/STM32G4xx_HAL_Driver/Src/stm32g4xx_hal_i2c.o
 .text.I2C_WaitOnFlagUntilTimeout
                0x08003694       0xb2 ./Drivers/STM32G4xx_HAL_Driver/Src/stm32g4xx_hal_i2c.o
 .text.I2C_WaitOnTXISFlagUntilTimeout
                0x08003746       0x8e ./Drivers/STM32G4xx_HAL_Driver/Src/stm32g4xx_hal_i2c.o
 .text.I2C_WaitOnSTOPFlagUntilTimeout
                0x080037d4       0x86 ./Drivers/STM32G4xx_HAL_Driver/Src/stm32g4xx_hal_i2c.o
 *fill*         0x0800385a        0x2 
 .text.I2C_WaitOnRXNEFlagUntilTimeout
                0x0800385c      0x118 ./Drivers/STM32G4xx_HAL_Driver/Src/stm32g4xx_hal_i2c.o
 .text.I2C_IsErrorOccurred
                0x08003974      0x1c0 ./Drivers/STM32G4xx_HAL_Driver/Src/stm32g4xx_hal_i2c.o
 .text.I2C_TransferConfig
                0x08003b34       0x64 ./Drivers/STM32G4xx_HAL_Driver/Src/stm32g4xx_hal_i2c.o
 .text.HAL_I2CEx_ConfigAnalogFilter
                0x08003b98       0x96 ./Drivers/STM32G4xx_HAL_Driver/Src/stm32g4xx_hal_i2c_ex.o
                0x08003b98                HAL_I2CEx_ConfigAnalogFilter
 .text.HAL_I2CEx_ConfigDigitalFilter
                0x08003c2e       0x98 ./Drivers/STM32G4xx_HAL_Driver/Src/stm32g4xx_hal_i2c_ex.o
                0x08003c2e                HAL_I2CEx_ConfigDigitalFilter
 *fill*         0x08003cc6        0x2 
 .text.HAL_PWREx_ControlVoltageScaling
                0x08003cc8      0x148 ./Drivers/STM32G4xx_HAL_Driver/Src/stm32g4xx_hal_pwr_ex.o
                0x08003cc8                HAL_PWREx_ControlVoltageScaling
 .text.HAL_PWREx_DisableUCPDDeadBattery
                0x08003e10       0x20 ./Drivers/STM32G4xx_HAL_Driver/Src/stm32g4xx_hal_pwr_ex.o
                0x08003e10                HAL_PWREx_DisableUCPDDeadBattery
 .text.HAL_RCC_OscConfig
                0x08003e30      0x624 ./Drivers/STM32G4xx_HAL_Driver/Src/stm32g4xx_hal_rcc.o
                0x08003e30                HAL_RCC_OscConfig
 .text.HAL_RCC_ClockConfig
                0x08004454      0x278 ./Drivers/STM32G4xx_HAL_Driver/Src/stm32g4xx_hal_rcc.o
                0x08004454                HAL_RCC_ClockConfig
 .text.HAL_RCC_GetSysClockFreq
                0x080046cc       0xc4 ./Drivers/STM32G4xx_HAL_Driver/Src/stm32g4xx_hal_rcc.o
                0x080046cc                HAL_RCC_GetSysClockFreq
 .text.RCC_GetSysClockFreqFromPLLSource
                0x08004790       0x8c ./Drivers/STM32G4xx_HAL_Driver/Src/stm32g4xx_hal_rcc.o
 .text.HAL_RCCEx_PeriphCLKConfig
                0x0800481c      0x3e0 ./Drivers/STM32G4xx_HAL_Driver/Src/stm32g4xx_hal_rcc_ex.o
                0x0800481c                HAL_RCCEx_PeriphCLKConfig
 .text.HAL_TIM_Base_Init
                0x08004bfc       0xae ./Drivers/STM32G4xx_HAL_Driver/Src/stm32g4xx_hal_tim.o
                0x08004bfc                HAL_TIM_Base_Init
 *fill*         0x08004caa        0x2 
 .text.HAL_TIM_Base_Start
                0x08004cac       0xc4 ./Drivers/STM32G4xx_HAL_Driver/Src/stm32g4xx_hal_tim.o
                0x08004cac                HAL_TIM_Base_Start
 .text.HAL_TIM_PWM_Init
                0x08004d70       0xae ./Drivers/STM32G4xx_HAL_Driver/Src/stm32g4xx_hal_tim.o
                0x08004d70                HAL_TIM_PWM_Init
 *fill*         0x08004e1e        0x2 
 .text.HAL_TIM_PWM_Start
                0x08004e20      0x200 ./Drivers/STM32G4xx_HAL_Driver/Src/stm32g4xx_hal_tim.o
                0x08004e20                HAL_TIM_PWM_Start
 .text.HAL_TIM_PWM_ConfigChannel
                0x08005020      0x228 ./Drivers/STM32G4xx_HAL_Driver/Src/stm32g4xx_hal_tim.o
                0x08005020                HAL_TIM_PWM_ConfigChannel
 .text.TIM_Base_SetConfig
                0x08005248      0x138 ./Drivers/STM32G4xx_HAL_Driver/Src/stm32g4xx_hal_tim.o
                0x08005248                TIM_Base_SetConfig
 .text.TIM_OC1_SetConfig
                0x08005380      0x120 ./Drivers/STM32G4xx_HAL_Driver/Src/stm32g4xx_hal_tim.o
 .text.TIM_OC2_SetConfig
                0x080054a0      0x114 ./Drivers/STM32G4xx_HAL_Driver/Src/stm32g4xx_hal_tim.o
                0x080054a0                TIM_OC2_SetConfig
 .text.TIM_OC3_SetConfig
                0x080055b4      0x110 ./Drivers/STM32G4xx_HAL_Driver/Src/stm32g4xx_hal_tim.o
 .text.TIM_OC4_SetConfig
                0x080056c4      0x114 ./Drivers/STM32G4xx_HAL_Driver/Src/stm32g4xx_hal_tim.o
 .text.TIM_OC5_SetConfig
                0x080057d8       0xc8 ./Drivers/STM32G4xx_HAL_Driver/Src/stm32g4xx_hal_tim.o
 .text.TIM_OC6_SetConfig
                0x080058a0       0xcc ./Drivers/STM32G4xx_HAL_Driver/Src/stm32g4xx_hal_tim.o
 .text.TIM_CCxChannelCmd
                0x0800596c       0x4a ./Drivers/STM32G4xx_HAL_Driver/Src/stm32g4xx_hal_tim.o
                0x0800596c                TIM_CCxChannelCmd
 *fill*         0x080059b6        0x2 
 .text.HAL_TIMEx_MasterConfigSynchronization
                0x080059b8      0x104 ./Drivers/STM32G4xx_HAL_Driver/Src/stm32g4xx_hal_tim_ex.o
                0x080059b8                HAL_TIMEx_MasterConfigSynchronization
 .text.VL53L0X_GetOffsetCalibrationDataMicroMeter
                0x08005abc       0x26 ./Libs/VL53L0X/core/src/vl53l0x_api.o
                0x08005abc                VL53L0X_GetOffsetCalibrationDataMicroMeter
 .text.VL53L0X_SetDeviceAddress
                0x08005ae2       0x30 ./Libs/VL53L0X/core/src/vl53l0x_api.o
                0x08005ae2                VL53L0X_SetDeviceAddress
 *fill*         0x08005b12        0x2 
 .text.VL53L0X_DataInit
                0x08005b14      0x2c8 ./Libs/VL53L0X/core/src/vl53l0x_api.o
                0x08005b14                VL53L0X_DataInit
 .text.VL53L0X_StaticInit
                0x08005ddc      0x300 ./Libs/VL53L0X/core/src/vl53l0x_api.o
                0x08005ddc                VL53L0X_StaticInit
 .text.VL53L0X_GetDeviceParameters
                0x080060dc      0x120 ./Libs/VL53L0X/core/src/vl53l0x_api.o
                0x080060dc                VL53L0X_GetDeviceParameters
 .text.VL53L0X_SetDeviceMode
                0x080061fc       0x58 ./Libs/VL53L0X/core/src/vl53l0x_api.o
                0x080061fc                VL53L0X_SetDeviceMode
 .text.VL53L0X_GetDeviceMode
                0x08006254       0x26 ./Libs/VL53L0X/core/src/vl53l0x_api.o
                0x08006254                VL53L0X_GetDeviceMode
 .text.VL53L0X_GetFractionEnable
                0x0800627a       0x3e ./Libs/VL53L0X/core/src/vl53l0x_api.o
                0x0800627a                VL53L0X_GetFractionEnable
 .text.VL53L0X_SetMeasurementTimingBudgetMicroSeconds
                0x080062b8       0x26 ./Libs/VL53L0X/core/src/vl53l0x_api.o
                0x080062b8                VL53L0X_SetMeasurementTimingBudgetMicroSeconds
 .text.VL53L0X_GetMeasurementTimingBudgetMicroSeconds
                0x080062de       0x26 ./Libs/VL53L0X/core/src/vl53l0x_api.o
                0x080062de                VL53L0X_GetMeasurementTimingBudgetMicroSeconds
 .text.VL53L0X_GetVcselPulsePeriod
                0x08006304       0x2e ./Libs/VL53L0X/core/src/vl53l0x_api.o
                0x08006304                VL53L0X_GetVcselPulsePeriod
 *fill*         0x08006332        0x2 
 .text.VL53L0X_SetSequenceStepEnable
                0x08006334      0x140 ./Libs/VL53L0X/core/src/vl53l0x_api.o
                0x08006334                VL53L0X_SetSequenceStepEnable
 .text.sequence_step_enabled
                0x08006474       0xa4 ./Libs/VL53L0X/core/src/vl53l0x_api.o
                0x08006474                sequence_step_enabled
 .text.VL53L0X_GetSequenceStepEnables
                0x08006518       0xb0 ./Libs/VL53L0X/core/src/vl53l0x_api.o
                0x08006518                VL53L0X_GetSequenceStepEnables
 .text.VL53L0X_GetInterMeasurementPeriodMilliSeconds
                0x080065c8       0x68 ./Libs/VL53L0X/core/src/vl53l0x_api.o
                0x080065c8                VL53L0X_GetInterMeasurementPeriodMilliSeconds
 .text.VL53L0X_GetXTalkCompensationEnable
                0x08006630       0x2a ./Libs/VL53L0X/core/src/vl53l0x_api.o
                0x08006630                VL53L0X_GetXTalkCompensationEnable
 .text.VL53L0X_GetXTalkCompensationRateMegaCps
                0x0800665a       0x66 ./Libs/VL53L0X/core/src/vl53l0x_api.o
                0x0800665a                VL53L0X_GetXTalkCompensationRateMegaCps
 .text.VL53L0X_SetLimitCheckEnable
                0x080066c0      0x118 ./Libs/VL53L0X/core/src/vl53l0x_api.o
                0x080066c0                VL53L0X_SetLimitCheckEnable
 .text.VL53L0X_GetLimitCheckEnable
                0x080067d8       0x46 ./Libs/VL53L0X/core/src/vl53l0x_api.o
                0x080067d8                VL53L0X_GetLimitCheckEnable
 *fill*         0x0800681e        0x2 
 .text.VL53L0X_SetLimitCheckValue
                0x08006820       0xc4 ./Libs/VL53L0X/core/src/vl53l0x_api.o
                0x08006820                VL53L0X_SetLimitCheckValue
 .text.VL53L0X_GetLimitCheckValue
                0x080068e4      0x11c ./Libs/VL53L0X/core/src/vl53l0x_api.o
                0x080068e4                VL53L0X_GetLimitCheckValue
 .text.VL53L0X_GetWrapAroundCheckEnable
                0x08006a00       0x64 ./Libs/VL53L0X/core/src/vl53l0x_api.o
                0x08006a00                VL53L0X_GetWrapAroundCheckEnable
 .text.VL53L0X_PerformSingleMeasurement
                0x08006a64       0x68 ./Libs/VL53L0X/core/src/vl53l0x_api.o
                0x08006a64                VL53L0X_PerformSingleMeasurement
 .text.VL53L0X_CheckAndLoadInterruptSettings
                0x08006acc       0xcc ./Libs/VL53L0X/core/src/vl53l0x_api.o
                0x08006acc                VL53L0X_CheckAndLoadInterruptSettings
 .text.VL53L0X_StartMeasurement
                0x08006b98      0x184 ./Libs/VL53L0X/core/src/vl53l0x_api.o
                0x08006b98                VL53L0X_StartMeasurement
 .text.VL53L0X_GetMeasurementDataReady
                0x08006d1c       0x80 ./Libs/VL53L0X/core/src/vl53l0x_api.o
                0x08006d1c                VL53L0X_GetMeasurementDataReady
 .text.VL53L0X_GetRangingMeasurementData
                0x08006d9c      0x238 ./Libs/VL53L0X/core/src/vl53l0x_api.o
                0x08006d9c                VL53L0X_GetRangingMeasurementData
 .text.VL53L0X_PerformSingleRangingMeasurement
                0x08006fd4       0x60 ./Libs/VL53L0X/core/src/vl53l0x_api.o
                0x08006fd4                VL53L0X_PerformSingleRangingMeasurement
 .text.VL53L0X_SetGpioConfig
                0x08007034      0x244 ./Libs/VL53L0X/core/src/vl53l0x_api.o
                0x08007034                VL53L0X_SetGpioConfig
 .text.VL53L0X_GetInterruptThresholds
                0x08007278       0x68 ./Libs/VL53L0X/core/src/vl53l0x_api.o
                0x08007278                VL53L0X_GetInterruptThresholds
 .text.VL53L0X_ClearInterruptMask
                0x080072e0       0x80 ./Libs/VL53L0X/core/src/vl53l0x_api.o
                0x080072e0                VL53L0X_ClearInterruptMask
 .text.VL53L0X_GetInterruptMaskStatus
                0x08007360       0x44 ./Libs/VL53L0X/core/src/vl53l0x_api.o
                0x08007360                VL53L0X_GetInterruptMaskStatus
 .text.VL53L0X_get_offset_calibration_data_micro_meter
                0x080073a4       0x7e ./Libs/VL53L0X/core/src/vl53l0x_api_calibration.o
                0x080073a4                VL53L0X_get_offset_calibration_data_micro_meter
 .text.get_next_good_spad
                0x08007422       0xbc ./Libs/VL53L0X/core/src/vl53l0x_api_calibration.o
                0x08007422                get_next_good_spad
 *fill*         0x080074de        0x2 
 .text.is_aperture
                0x080074e0       0x34 ./Libs/VL53L0X/core/src/vl53l0x_api_calibration.o
                0x080074e0                is_aperture
 .text.enable_spad_bit
                0x08007514       0x70 ./Libs/VL53L0X/core/src/vl53l0x_api_calibration.o
                0x08007514                enable_spad_bit
 .text.set_ref_spad_map
                0x08007584       0x26 ./Libs/VL53L0X/core/src/vl53l0x_api_calibration.o
                0x08007584                set_ref_spad_map
 .text.get_ref_spad_map
                0x080075aa       0x26 ./Libs/VL53L0X/core/src/vl53l0x_api_calibration.o
                0x080075aa                get_ref_spad_map
 .text.enable_ref_spads
                0x080075d0       0xf8 ./Libs/VL53L0X/core/src/vl53l0x_api_calibration.o
                0x080075d0                enable_ref_spads
 .text.perform_ref_signal_measurement
                0x080076c8       0xd4 ./Libs/VL53L0X/core/src/vl53l0x_api_calibration.o
                0x080076c8                perform_ref_signal_measurement
 .text.VL53L0X_perform_ref_spad_management
                0x0800779c      0x418 ./Libs/VL53L0X/core/src/vl53l0x_api_calibration.o
                0x0800779c                VL53L0X_perform_ref_spad_management
 .text.VL53L0X_set_reference_spads
                0x08007bb4      0x14a ./Libs/VL53L0X/core/src/vl53l0x_api_calibration.o
                0x08007bb4                VL53L0X_set_reference_spads
 .text.VL53L0X_perform_single_ref_calibration
                0x08007cfe       0x76 ./Libs/VL53L0X/core/src/vl53l0x_api_calibration.o
                0x08007cfe                VL53L0X_perform_single_ref_calibration
 .text.VL53L0X_ref_calibration_io
                0x08007d74      0x132 ./Libs/VL53L0X/core/src/vl53l0x_api_calibration.o
                0x08007d74                VL53L0X_ref_calibration_io
 .text.VL53L0X_perform_vhv_calibration
                0x08007ea6       0xce ./Libs/VL53L0X/core/src/vl53l0x_api_calibration.o
                0x08007ea6                VL53L0X_perform_vhv_calibration
 .text.VL53L0X_perform_phase_calibration
                0x08007f74       0xca ./Libs/VL53L0X/core/src/vl53l0x_api_calibration.o
                0x08007f74                VL53L0X_perform_phase_calibration
 .text.VL53L0X_perform_ref_calibration
                0x0800803e       0x7a ./Libs/VL53L0X/core/src/vl53l0x_api_calibration.o
                0x0800803e                VL53L0X_perform_ref_calibration
 .text.VL53L0X_measurement_poll_for_completion
                0x080080b8       0x60 ./Libs/VL53L0X/core/src/vl53l0x_api_core.o
                0x080080b8                VL53L0X_measurement_poll_for_completion
 .text.VL53L0X_decode_vcsel_period
                0x08008118       0x26 ./Libs/VL53L0X/core/src/vl53l0x_api_core.o
                0x08008118                VL53L0X_decode_vcsel_period
 .text.VL53L0X_isqrt
                0x0800813e       0x68 ./Libs/VL53L0X/core/src/vl53l0x_api_core.o
                0x0800813e                VL53L0X_isqrt
 .text.VL53L0X_device_read_strobe
                0x080081a6       0x86 ./Libs/VL53L0X/core/src/vl53l0x_api_core.o
                0x080081a6                VL53L0X_device_read_strobe
 .text.VL53L0X_get_info_from_device
                0x0800822c      0x99a ./Libs/VL53L0X/core/src/vl53l0x_api_core.o
                0x0800822c                VL53L0X_get_info_from_device
 .text.VL53L0X_calc_macro_period_ps
                0x08008bc6       0x3c ./Libs/VL53L0X/core/src/vl53l0x_api_core.o
                0x08008bc6                VL53L0X_calc_macro_period_ps
 .text.VL53L0X_encode_timeout
                0x08008c02       0x54 ./Libs/VL53L0X/core/src/vl53l0x_api_core.o
                0x08008c02                VL53L0X_encode_timeout
 .text.VL53L0X_decode_timeout
                0x08008c56       0x2c ./Libs/VL53L0X/core/src/vl53l0x_api_core.o
                0x08008c56                VL53L0X_decode_timeout
 *fill*         0x08008c82        0x2 
 .text.VL53L0X_calc_timeout_mclks
                0x08008c84       0x54 ./Libs/VL53L0X/core/src/vl53l0x_api_core.o
                0x08008c84                VL53L0X_calc_timeout_mclks
 .text.VL53L0X_calc_timeout_us
                0x08008cd8       0x54 ./Libs/VL53L0X/core/src/vl53l0x_api_core.o
                0x08008cd8                VL53L0X_calc_timeout_us
 .text.get_sequence_step_timeout
                0x08008d2c      0x1c0 ./Libs/VL53L0X/core/src/vl53l0x_api_core.o
                0x08008d2c                get_sequence_step_timeout
 .text.set_sequence_step_timeout
                0x08008eec      0x1e4 ./Libs/VL53L0X/core/src/vl53l0x_api_core.o
                0x08008eec                set_sequence_step_timeout
 .text.VL53L0X_get_vcsel_pulse_period
                0x080090d0       0x6e ./Libs/VL53L0X/core/src/vl53l0x_api_core.o
                0x080090d0                VL53L0X_get_vcsel_pulse_period
 .text.VL53L0X_set_measurement_timing_budget_micro_seconds
                0x0800913e      0x1c0 ./Libs/VL53L0X/core/src/vl53l0x_api_core.o
                0x0800913e                VL53L0X_set_measurement_timing_budget_micro_seconds
 .text.VL53L0X_get_measurement_timing_budget_micro_seconds
                0x080092fe      0x162 ./Libs/VL53L0X/core/src/vl53l0x_api_core.o
                0x080092fe                VL53L0X_get_measurement_timing_budget_micro_seconds
 .text.VL53L0X_load_tuning_settings
                0x08009460      0x1c4 ./Libs/VL53L0X/core/src/vl53l0x_api_core.o
                0x08009460                VL53L0X_load_tuning_settings
 .text.VL53L0X_get_total_xtalk_rate
                0x08009624       0x5e ./Libs/VL53L0X/core/src/vl53l0x_api_core.o
                0x08009624                VL53L0X_get_total_xtalk_rate
 .text.VL53L0X_get_total_signal_rate
                0x08009682       0x4a ./Libs/VL53L0X/core/src/vl53l0x_api_core.o
                0x08009682                VL53L0X_get_total_signal_rate
 .text.VL53L0X_calc_dmax
                0x080096cc      0x238 ./Libs/VL53L0X/core/src/vl53l0x_api_core.o
                0x080096cc                VL53L0X_calc_dmax
 .text.VL53L0X_calc_sigma_estimate
                0x08009904      0x498 ./Libs/VL53L0X/core/src/vl53l0x_api_core.o
                0x08009904                VL53L0X_calc_sigma_estimate
 .text.VL53L0X_get_pal_range_status
                0x08009d9c      0x3b6 ./Libs/VL53L0X/core/src/vl53l0x_api_core.o
                0x08009d9c                VL53L0X_get_pal_range_status
 .text._I2CWrite
                0x0800a152       0x3e ./Libs/VL53L0X/platform/src/vl53l0x_platform.o
                0x0800a152                _I2CWrite
 .text._I2CRead
                0x0800a190       0x44 ./Libs/VL53L0X/platform/src/vl53l0x_platform.o
                0x0800a190                _I2CRead
 .text.VL53L0X_WriteMulti
                0x0800a1d4       0x60 ./Libs/VL53L0X/platform/src/vl53l0x_platform.o
                0x0800a1d4                VL53L0X_WriteMulti
 .text.VL53L0X_ReadMulti
                0x0800a234       0x56 ./Libs/VL53L0X/platform/src/vl53l0x_platform.o
                0x0800a234                VL53L0X_ReadMulti
 *fill*         0x0800a28a        0x2 
 .text.VL53L0X_WrByte
                0x0800a28c       0x48 ./Libs/VL53L0X/platform/src/vl53l0x_platform.o
                0x0800a28c                VL53L0X_WrByte
 .text.VL53L0X_WrWord
                0x0800a2d4       0x54 ./Libs/VL53L0X/platform/src/vl53l0x_platform.o
                0x0800a2d4                VL53L0X_WrWord
 .text.VL53L0X_UpdateByte
                0x0800a328       0x68 ./Libs/VL53L0X/platform/src/vl53l0x_platform.o
                0x0800a328                VL53L0X_UpdateByte
 .text.VL53L0X_RdByte
                0x0800a390       0x54 ./Libs/VL53L0X/platform/src/vl53l0x_platform.o
                0x0800a390                VL53L0X_RdByte
 .text.VL53L0X_RdWord
                0x0800a3e4       0x6c ./Libs/VL53L0X/platform/src/vl53l0x_platform.o
                0x0800a3e4                VL53L0X_RdWord
 .text.VL53L0X_RdDWord
                0x0800a450       0x78 ./Libs/VL53L0X/platform/src/vl53l0x_platform.o
                0x0800a450                VL53L0X_RdDWord
 .text.VL53L0X_PollingDelay
                0x0800a4c8       0x1e ./Libs/VL53L0X/platform/src/vl53l0x_platform.o
                0x0800a4c8                VL53L0X_PollingDelay
 .text.memset   0x0800a4e6       0x10 /home/jakub/st/stm32cubeide_1.18.1/plugins/com.st.stm32cube.ide.mcu.externaltools.gnu-tools-for-stm32.13.3.rel1.linux64_1.0.0.202410170706/tools/bin/../lib/gcc/arm-none-eabi/13.3.1/../../../../arm-none-eabi/lib/thumb/v7e-m+fp/hard/libc_nano.a(libc_a-memset.o)
                0x0800a4e6                memset
 *fill*         0x0800a4f6        0x2 
 .text.__libc_init_array
                0x0800a4f8       0x48 /home/jakub/st/stm32cubeide_1.18.1/plugins/com.st.stm32cube.ide.mcu.externaltools.gnu-tools-for-stm32.13.3.rel1.linux64_1.0.0.202410170706/tools/bin/../lib/gcc/arm-none-eabi/13.3.1/../../../../arm-none-eabi/lib/thumb/v7e-m+fp/hard/libc_nano.a(libc_a-init.o)
                0x0800a4f8                __libc_init_array
 .text.strcpy   0x0800a540       0x10 /home/jakub/st/stm32cubeide_1.18.1/plugins/com.st.stm32cube.ide.mcu.externaltools.gnu-tools-for-stm32.13.3.rel1.linux64_1.0.0.202410170706/tools/bin/../lib/gcc/arm-none-eabi/13.3.1/../../../../arm-none-eabi/lib/thumb/v7e-m+fp/hard/libc_nano.a(libc_a-strcpy.o)
                0x0800a540                strcpy
 .text.memcpy   0x0800a550       0x1c /home/jakub/st/stm32cubeide_1.18.1/plugins/com.st.stm32cube.ide.mcu.externaltools.gnu-tools-for-stm32.13.3.rel1.linux64_1.0.0.202410170706/tools/bin/../lib/gcc/arm-none-eabi/13.3.1/../../../../arm-none-eabi/lib/thumb/v7e-m+fp/hard/libc_nano.a(libc_a-memcpy-stub.o)
                0x0800a550                memcpy
 *(.glue_7)
 .glue_7        0x0800a56c        0x0 linker stubs
 *(.glue_7t)
 .glue_7t       0x0800a56c        0x0 linker stubs
 *(.eh_frame)
 .eh_frame      0x0800a56c        0x0 /home/jakub/st/stm32cubeide_1.18.1/plugins/com.st.stm32cube.ide.mcu.externaltools.gnu-tools-for-stm32.13.3.rel1.linux64_1.0.0.202410170706/tools/bin/../lib/gcc/arm-none-eabi/13.3.1/thumb/v7e-m+fp/hard/crtbegin.o
 *(.init)
 .init          0x0800a56c        0x4 /home/jakub/st/stm32cubeide_1.18.1/plugins/com.st.stm32cube.ide.mcu.externaltools.gnu-tools-for-stm32.13.3.rel1.linux64_1.0.0.202410170706/tools/bin/../lib/gcc/arm-none-eabi/13.3.1/thumb/v7e-m+fp/hard/crti.o
                0x0800a56c                _init
 .init          0x0800a570        0x8 /home/jakub/st/stm32cubeide_1.18.1/plugins/com.st.stm32cube.ide.mcu.externaltools.gnu-tools-for-stm32.13.3.rel1.linux64_1.0.0.202410170706/tools/bin/../lib/gcc/arm-none-eabi/13.3.1/thumb/v7e-m+fp/hard/crtn.o
 *(.fini)
 .fini          0x0800a578        0x4 /home/jakub/st/stm32cubeide_1.18.1/plugins/com.st.stm32cube.ide.mcu.externaltools.gnu-tools-for-stm32.13.3.rel1.linux64_1.0.0.202410170706/tools/bin/../lib/gcc/arm-none-eabi/13.3.1/thumb/v7e-m+fp/hard/crti.o
                0x0800a578                _fini
 .fini          0x0800a57c        0x8 /home/jakub/st/stm32cubeide_1.18.1/plugins/com.st.stm32cube.ide.mcu.externaltools.gnu-tools-for-stm32.13.3.rel1.linux64_1.0.0.202410170706/tools/bin/../lib/gcc/arm-none-eabi/13.3.1/thumb/v7e-m+fp/hard/crtn.o
                0x0800a584                        . = ALIGN (0x4)
                0x0800a584                        _etext = .

.vfp11_veneer   0x0800a584        0x0
 .vfp11_veneer  0x0800a584        0x0 linker stubs

.v4_bx          0x0800a584        0x0
 .v4_bx         0x0800a584        0x0 linker stubs

.iplt           0x0800a584        0x0
 .iplt          0x0800a584        0x0 /home/jakub/st/stm32cubeide_1.18.1/plugins/com.st.stm32cube.ide.mcu.externaltools.gnu-tools-for-stm32.13.3.rel1.linux64_1.0.0.202410170706/tools/bin/../lib/gcc/arm-none-eabi/13.3.1/thumb/v7e-m+fp/hard/crtbegin.o

.rodata         0x0800a584       0x10
                0x0800a584                        . = ALIGN (0x4)
 *(.rodata)
 *(.rodata*)
 .rodata.AHBPrescTable
                0x0800a584       0x10 ./Core/Src/system_stm32g4xx.o
                0x0800a584                AHBPrescTable
                0x0800a594                        . = ALIGN (0x4)

.ARM.extab      0x0800a594        0x0
                0x0800a594                        . = ALIGN (0x4)
 *(.ARM.extab* .gnu.linkonce.armextab.*)
                0x0800a594                        . = ALIGN (0x4)

.ARM            0x0800a594        0x0
                0x0800a594                        . = ALIGN (0x4)
                0x0800a594                        __exidx_start = .
 *(.ARM.exidx*)
                0x0800a594                        __exidx_end = .
                0x0800a594                        . = ALIGN (0x4)

.preinit_array  0x0800a594        0x0
                0x0800a594                        . = ALIGN (0x4)
                0x0800a594                        PROVIDE (__preinit_array_start = .)
 *(.preinit_array*)
                0x0800a594                        PROVIDE (__preinit_array_end = .)
                0x0800a594                        . = ALIGN (0x4)

.init_array     0x0800a594        0x4
                0x0800a594                        . = ALIGN (0x4)
                0x0800a594                        PROVIDE (__init_array_start = .)
 *(SORT_BY_NAME(.init_array.*))
 *(.init_array*)
 .init_array    0x0800a594        0x4 /home/jakub/st/stm32cubeide_1.18.1/plugins/com.st.stm32cube.ide.mcu.externaltools.gnu-tools-for-stm32.13.3.rel1.linux64_1.0.0.202410170706/tools/bin/../lib/gcc/arm-none-eabi/13.3.1/thumb/v7e-m+fp/hard/crtbegin.o
                0x0800a598                        PROVIDE (__init_array_end = .)
                0x0800a598                        . = ALIGN (0x4)

.fini_array     0x0800a598        0x4
                0x0800a598                        . = ALIGN (0x4)
                [!provide]                        PROVIDE (__fini_array_start = .)
 *(SORT_BY_NAME(.fini_array.*))
 *(.fini_array*)
 .fini_array    0x0800a598        0x4 /home/jakub/st/stm32cubeide_1.18.1/plugins/com.st.stm32cube.ide.mcu.externaltools.gnu-tools-for-stm32.13.3.rel1.linux64_1.0.0.202410170706/tools/bin/../lib/gcc/arm-none-eabi/13.3.1/thumb/v7e-m+fp/hard/crtbegin.o
                [!provide]                        PROVIDE (__fini_array_end = .)
                0x0800a59c                        . = ALIGN (0x4)
                0x0800a59c                        _sidata = LOADADDR (.data)

.rel.dyn        0x0800a59c        0x0
 .rel.iplt      0x0800a59c        0x0 /home/jakub/st/stm32cubeide_1.18.1/plugins/com.st.stm32cube.ide.mcu.externaltools.gnu-tools-for-stm32.13.3.rel1.linux64_1.0.0.202410170706/tools/bin/../lib/gcc/arm-none-eabi/13.3.1/thumb/v7e-m+fp/hard/crtbegin.o

.data           0x20000000      0x2c8 load address 0x0800a59c
                0x20000000                        . = ALIGN (0x4)
                0x20000000                        _sdata = .
 *(.data)
 *(.data*)
 .data.SystemCoreClock
                0x20000000        0x4 ./Core/Src/system_stm32g4xx.o
                0x20000000                SystemCoreClock
 .data.uwTickPrio
                0x20000004        0x4 ./Drivers/STM32G4xx_HAL_Driver/Src/stm32g4xx_hal.o
                0x20000004                uwTickPrio
 .data.uwTickFreq
                0x20000008        0x4 ./Drivers/STM32G4xx_HAL_Driver/Src/stm32g4xx_hal.o
                0x20000008                uwTickFreq
 .data.DefaultTuningSettings
                0x2000000c       0xf3 ./Libs/VL53L0X/core/src/vl53l0x_api.o
                0x2000000c                DefaultTuningSettings
 *fill*         0x200000ff        0x1 
 .data.InterruptThresholdSettings
                0x20000100      0x1b6 ./Libs/VL53L0X/core/src/vl53l0x_api.o
                0x20000100                InterruptThresholdSettings
 *fill*         0x200002b6        0x2 
 .data.refArrayQuadrants
                0x200002b8       0x10 ./Libs/VL53L0X/core/src/vl53l0x_api_calibration.o
                0x200002b8                refArrayQuadrants
 *(.RamFunc)
 *(.RamFunc*)
                0x200002c8                        . = ALIGN (0x4)
                0x200002c8                        _edata = .

.igot.plt       0x200002c8        0x0 load address 0x0800a864
 .igot.plt      0x200002c8        0x0 /home/jakub/st/stm32cubeide_1.18.1/plugins/com.st.stm32cube.ide.mcu.externaltools.gnu-tools-for-stm32.13.3.rel1.linux64_1.0.0.202410170706/tools/bin/../lib/gcc/arm-none-eabi/13.3.1/thumb/v7e-m+fp/hard/crtbegin.o
                0x200002c8                        . = ALIGN (0x4)

.bss            0x200002c8      0x854 load address 0x0800a864
                0x200002c8                        _sbss = .
                0x200002c8                        __bss_start__ = _sbss
 *(.bss)
 .bss           0x200002c8       0x1c /home/jakub/st/stm32cubeide_1.18.1/plugins/com.st.stm32cube.ide.mcu.externaltools.gnu-tools-for-stm32.13.3.rel1.linux64_1.0.0.202410170706/tools/bin/../lib/gcc/arm-none-eabi/13.3.1/thumb/v7e-m+fp/hard/crtbegin.o
 *(.bss*)
 .bss.hadc1     0x200002e4       0x6c ./Core/Src/adc.o
                0x200002e4                hadc1
 .bss.hi2c1     0x20000350       0x54 ./Core/Src/i2c.o
                0x20000350                hi2c1
 .bss.hi2c2     0x200003a4       0x54 ./Core/Src/i2c.o
                0x200003a4                hi2c2
 .bss.tof_distances
                0x200003f8        0x8 ./Core/Src/main.o
                0x200003f8                tof_distances
 .bss.htim3     0x20000400       0x4c ./Core/Src/tim.o
                0x20000400                htim3
 .bss.htim6     0x2000044c       0x4c ./Core/Src/tim.o
                0x2000044c                htim6
 .bss.tof_devices
                0x20000498      0x640 ./Core/Src/vl53l0x_user.o
                0x20000498                tof_devices
 .bss.uwTick    0x20000ad8        0x4 ./Drivers/STM32G4xx_HAL_Driver/Src/stm32g4xx_hal.o
                0x20000ad8                uwTick
 .bss._I2CBuffer
                0x20000adc       0x40 ./Libs/VL53L0X/platform/src/vl53l0x_platform.o
                0x20000adc                _I2CBuffer
 *(COMMON)
                0x20000b1c                        . = ALIGN (0x4)
                0x20000b1c                        _ebss = .
                0x20000b1c                        __bss_end__ = _ebss

._user_heap_stack
                0x20000b1c      0x604 load address 0x0800a864
                0x20000b20                        . = ALIGN (0x8)
 *fill*         0x20000b1c        0x4 
                [!provide]                        PROVIDE (end = .)
                0x20000b20                        PROVIDE (_end = .)
                0x20000d20                        . = (. + _Min_Heap_Size)
 *fill*         0x20000b20      0x200 
                0x20001120                        . = (. + _Min_Stack_Size)
 *fill*         0x20000d20      0x400 
                0x20001120                        . = ALIGN (0x8)

/DISCARD/
 libc.a(*)
 libm.a(*)
 libgcc.a(*)

.ARM.attributes
                0x00000000       0x30
 *(.ARM.attributes)
 .ARM.attributes
                0x00000000       0x22 /home/jakub/st/stm32cubeide_1.18.1/plugins/com.st.stm32cube.ide.mcu.externaltools.gnu-tools-for-stm32.13.3.rel1.linux64_1.0.0.202410170706/tools/bin/../lib/gcc/arm-none-eabi/13.3.1/thumb/v7e-m+fp/hard/crti.o
 .ARM.attributes
                0x00000022       0x34 /home/jakub/st/stm32cubeide_1.18.1/plugins/com.st.stm32cube.ide.mcu.externaltools.gnu-tools-for-stm32.13.3.rel1.linux64_1.0.0.202410170706/tools/bin/../lib/gcc/arm-none-eabi/13.3.1/thumb/v7e-m+fp/hard/crtbegin.o
 .ARM.attributes
                0x00000056       0x34 ./Core/Src/adc.o
 .ARM.attributes
                0x0000008a       0x34 ./Core/Src/gpio.o
 .ARM.attributes
                0x000000be       0x34 ./Core/Src/i2c.o
 .ARM.attributes
                0x000000f2       0x34 ./Core/Src/main.o
 .ARM.attributes
                0x00000126       0x34 ./Core/Src/motors.o
 .ARM.attributes
                0x0000015a       0x34 ./Core/Src/stm32g4xx_hal_msp.o
 .ARM.attributes
                0x0000018e       0x34 ./Core/Src/stm32g4xx_it.o
 .ARM.attributes
                0x000001c2       0x34 ./Core/Src/system_stm32g4xx.o
 .ARM.attributes
                0x000001f6       0x34 ./Core/Src/tim.o
 .ARM.attributes
                0x0000022a       0x34 ./Core/Src/timing.o
 .ARM.attributes
                0x0000025e       0x34 ./Core/Src/vl53l0x_user.o
 .ARM.attributes
                0x00000292       0x21 ./Core/Startup/startup_stm32g431cbtx.o
 .ARM.attributes
                0x000002b3       0x34 ./Drivers/STM32G4xx_HAL_Driver/Src/stm32g4xx_hal.o
 .ARM.attributes
                0x000002e7       0x34 ./Drivers/STM32G4xx_HAL_Driver/Src/stm32g4xx_hal_adc.o
 .ARM.attributes
                0x0000031b       0x34 ./Drivers/STM32G4xx_HAL_Driver/Src/stm32g4xx_hal_adc_ex.o
 .ARM.attributes
                0x0000034f       0x34 ./Drivers/STM32G4xx_HAL_Driver/Src/stm32g4xx_hal_cortex.o
 .ARM.attributes
                0x00000383       0x34 ./Drivers/STM32G4xx_HAL_Driver/Src/stm32g4xx_hal_gpio.o
 .ARM.attributes
                0x000003b7       0x34 ./Drivers/STM32G4xx_HAL_Driver/Src/stm32g4xx_hal_i2c.o
 .ARM.attributes
                0x000003eb       0x34 ./Drivers/STM32G4xx_HAL_Driver/Src/stm32g4xx_hal_i2c_ex.o
 .ARM.attributes
                0x0000041f       0x34 ./Drivers/STM32G4xx_HAL_Driver/Src/stm32g4xx_hal_pwr_ex.o
 .ARM.attributes
                0x00000453       0x34 ./Drivers/STM32G4xx_HAL_Driver/Src/stm32g4xx_hal_rcc.o
 .ARM.attributes
                0x00000487       0x34 ./Drivers/STM32G4xx_HAL_Driver/Src/stm32g4xx_hal_rcc_ex.o
 .ARM.attributes
                0x000004bb       0x34 ./Drivers/STM32G4xx_HAL_Driver/Src/stm32g4xx_hal_tim.o
 .ARM.attributes
                0x000004ef       0x34 ./Drivers/STM32G4xx_HAL_Driver/Src/stm32g4xx_hal_tim_ex.o
 .ARM.attributes
                0x00000523       0x34 ./Libs/VL53L0X/core/src/vl53l0x_api.o
 .ARM.attributes
                0x00000557       0x34 ./Libs/VL53L0X/core/src/vl53l0x_api_calibration.o
 .ARM.attributes
                0x0000058b       0x34 ./Libs/VL53L0X/core/src/vl53l0x_api_core.o
 .ARM.attributes
                0x000005bf       0x34 ./Libs/VL53L0X/platform/src/vl53l0x_platform.o
 .ARM.attributes
                0x000005f3       0x34 /home/jakub/st/stm32cubeide_1.18.1/plugins/com.st.stm32cube.ide.mcu.externaltools.gnu-tools-for-stm32.13.3.rel1.linux64_1.0.0.202410170706/tools/bin/../lib/gcc/arm-none-eabi/13.3.1/../../../../arm-none-eabi/lib/thumb/v7e-m+fp/hard/libc_nano.a(libc_a-memset.o)
 .ARM.attributes
                0x00000627       0x34 /home/jakub/st/stm32cubeide_1.18.1/plugins/com.st.stm32cube.ide.mcu.externaltools.gnu-tools-for-stm32.13.3.rel1.linux64_1.0.0.202410170706/tools/bin/../lib/gcc/arm-none-eabi/13.3.1/../../../../arm-none-eabi/lib/thumb/v7e-m+fp/hard/libc_nano.a(libc_a-init.o)
 .ARM.attributes
                0x0000065b       0x34 /home/jakub/st/stm32cubeide_1.18.1/plugins/com.st.stm32cube.ide.mcu.externaltools.gnu-tools-for-stm32.13.3.rel1.linux64_1.0.0.202410170706/tools/bin/../lib/gcc/arm-none-eabi/13.3.1/../../../../arm-none-eabi/lib/thumb/v7e-m+fp/hard/libc_nano.a(libc_a-strcpy.o)
 .ARM.attributes
                0x0000068f       0x34 /home/jakub/st/stm32cubeide_1.18.1/plugins/com.st.stm32cube.ide.mcu.externaltools.gnu-tools-for-stm32.13.3.rel1.linux64_1.0.0.202410170706/tools/bin/../lib/gcc/arm-none-eabi/13.3.1/../../../../arm-none-eabi/lib/thumb/v7e-m+fp/hard/libc_nano.a(libc_a-memcpy-stub.o)
 .ARM.attributes
                0x000006c3       0x22 /home/jakub/st/stm32cubeide_1.18.1/plugins/com.st.stm32cube.ide.mcu.externaltools.gnu-tools-for-stm32.13.3.rel1.linux64_1.0.0.202410170706/tools/bin/../lib/gcc/arm-none-eabi/13.3.1/thumb/v7e-m+fp/hard/crtn.o
OUTPUT(Software.elf elf32-littlearm)
LOAD linker stubs
LOAD /home/jakub/st/stm32cubeide_1.18.1/plugins/com.st.stm32cube.ide.mcu.externaltools.gnu-tools-for-stm32.13.3.rel1.linux64_1.0.0.202410170706/tools/bin/../lib/gcc/arm-none-eabi/13.3.1/../../../../arm-none-eabi/lib/thumb/v7e-m+fp/hard/libc.a
LOAD /home/jakub/st/stm32cubeide_1.18.1/plugins/com.st.stm32cube.ide.mcu.externaltools.gnu-tools-for-stm32.13.3.rel1.linux64_1.0.0.202410170706/tools/bin/../lib/gcc/arm-none-eabi/13.3.1/../../../../arm-none-eabi/lib/thumb/v7e-m+fp/hard/libm.a
LOAD /home/jakub/st/stm32cubeide_1.18.1/plugins/com.st.stm32cube.ide.mcu.externaltools.gnu-tools-for-stm32.13.3.rel1.linux64_1.0.0.202410170706/tools/bin/../lib/gcc/arm-none-eabi/13.3.1/thumb/v7e-m+fp/hard/libgcc.a

.debug_info     0x00000000    0x1f3e7
 .debug_info    0x00000000     0x1202 ./Core/Src/adc.o
 .debug_info    0x00001202      0x6a4 ./Core/Src/gpio.o
 .debug_info    0x000018a6      0xce6 ./Core/Src/i2c.o
 .debug_info    0x0000258c      0xbaa ./Core/Src/main.o
 .debug_info    0x00003136      0xa3d ./Core/Src/motors.o
 .debug_info    0x00003b73      0x2da ./Core/Src/stm32g4xx_hal_msp.o
 .debug_info    0x00003e4d      0x91b ./Core/Src/stm32g4xx_it.o
 .debug_info    0x00004768      0x58e ./Core/Src/system_stm32g4xx.o
 .debug_info    0x00004cf6      0xe35 ./Core/Src/tim.o
 .debug_info    0x00005b2b      0x82d ./Core/Src/timing.o
 .debug_info    0x00006358     0x1047 ./Core/Src/vl53l0x_user.o
 .debug_info    0x0000739f       0x30 ./Core/Startup/startup_stm32g431cbtx.o
 .debug_info    0x000073cf      0xadb ./Drivers/STM32G4xx_HAL_Driver/Src/stm32g4xx_hal.o
 .debug_info    0x00007eaa     0x2063 ./Drivers/STM32G4xx_HAL_Driver/Src/stm32g4xx_hal_adc.o
 .debug_info    0x00009f0d     0x1d80 ./Drivers/STM32G4xx_HAL_Driver/Src/stm32g4xx_hal_adc_ex.o
 .debug_info    0x0000bc8d      0xd3f ./Drivers/STM32G4xx_HAL_Driver/Src/stm32g4xx_hal_cortex.o
 .debug_info    0x0000c9cc      0x763 ./Drivers/STM32G4xx_HAL_Driver/Src/stm32g4xx_hal_gpio.o
 .debug_info    0x0000d12f     0x21ea ./Drivers/STM32G4xx_HAL_Driver/Src/stm32g4xx_hal_i2c.o
 .debug_info    0x0000f319      0xad6 ./Drivers/STM32G4xx_HAL_Driver/Src/stm32g4xx_hal_i2c_ex.o
 .debug_info    0x0000fdef      0x93f ./Drivers/STM32G4xx_HAL_Driver/Src/stm32g4xx_hal_pwr_ex.o
 .debug_info    0x0001072e      0xb82 ./Drivers/STM32G4xx_HAL_Driver/Src/stm32g4xx_hal_rcc.o
 .debug_info    0x000112b0      0xc15 ./Drivers/STM32G4xx_HAL_Driver/Src/stm32g4xx_hal_rcc_ex.o
 .debug_info    0x00011ec5     0x2c52 ./Drivers/STM32G4xx_HAL_Driver/Src/stm32g4xx_hal_tim.o
 .debug_info    0x00014b17     0x1d95 ./Drivers/STM32G4xx_HAL_Driver/Src/stm32g4xx_hal_tim_ex.o
 .debug_info    0x000168ac     0x3693 ./Libs/VL53L0X/core/src/vl53l0x_api.o
 .debug_info    0x00019f3f     0x1e60 ./Libs/VL53L0X/core/src/vl53l0x_api_calibration.o
 .debug_info    0x0001bd9f     0x2316 ./Libs/VL53L0X/core/src/vl53l0x_api_core.o
 .debug_info    0x0001e0b5     0x1332 ./Libs/VL53L0X/platform/src/vl53l0x_platform.o

.debug_abbrev   0x00000000     0x3c78
 .debug_abbrev  0x00000000      0x1f7 ./Core/Src/adc.o
 .debug_abbrev  0x000001f7      0x15b ./Core/Src/gpio.o
 .debug_abbrev  0x00000352      0x219 ./Core/Src/i2c.o
 .debug_abbrev  0x0000056b      0x295 ./Core/Src/main.o
 .debug_abbrev  0x00000800      0x1eb ./Core/Src/motors.o
 .debug_abbrev  0x000009eb       0xd9 ./Core/Src/stm32g4xx_hal_msp.o
 .debug_abbrev  0x00000ac4      0x18c ./Core/Src/stm32g4xx_it.o
 .debug_abbrev  0x00000c50      0x11a ./Core/Src/system_stm32g4xx.o
 .debug_abbrev  0x00000d6a      0x24e ./Core/Src/tim.o
 .debug_abbrev  0x00000fb8      0x1d4 ./Core/Src/timing.o
 .debug_abbrev  0x0000118c      0x26f ./Core/Src/vl53l0x_user.o
 .debug_abbrev  0x000013fb       0x24 ./Core/Startup/startup_stm32g431cbtx.o
 .debug_abbrev  0x0000141f      0x271 ./Drivers/STM32G4xx_HAL_Driver/Src/stm32g4xx_hal.o
 .debug_abbrev  0x00001690      0x2d3 ./Drivers/STM32G4xx_HAL_Driver/Src/stm32g4xx_hal_adc.o
 .debug_abbrev  0x00001963      0x2ee ./Drivers/STM32G4xx_HAL_Driver/Src/stm32g4xx_hal_adc_ex.o
 .debug_abbrev  0x00001c51      0x31c ./Drivers/STM32G4xx_HAL_Driver/Src/stm32g4xx_hal_cortex.o
 .debug_abbrev  0x00001f6d      0x1cb ./Drivers/STM32G4xx_HAL_Driver/Src/stm32g4xx_hal_gpio.o
 .debug_abbrev  0x00002138      0x25e ./Drivers/STM32G4xx_HAL_Driver/Src/stm32g4xx_hal_i2c.o
 .debug_abbrev  0x00002396      0x1c0 ./Drivers/STM32G4xx_HAL_Driver/Src/stm32g4xx_hal_i2c_ex.o
 .debug_abbrev  0x00002556      0x22c ./Drivers/STM32G4xx_HAL_Driver/Src/stm32g4xx_hal_pwr_ex.o
 .debug_abbrev  0x00002782      0x2c9 ./Drivers/STM32G4xx_HAL_Driver/Src/stm32g4xx_hal_rcc.o
 .debug_abbrev  0x00002a4b      0x258 ./Drivers/STM32G4xx_HAL_Driver/Src/stm32g4xx_hal_rcc_ex.o
 .debug_abbrev  0x00002ca3      0x2a7 ./Drivers/STM32G4xx_HAL_Driver/Src/stm32g4xx_hal_tim.o
 .debug_abbrev  0x00002f4a      0x2c5 ./Drivers/STM32G4xx_HAL_Driver/Src/stm32g4xx_hal_tim_ex.o
 .debug_abbrev  0x0000320f      0x2b9 ./Libs/VL53L0X/core/src/vl53l0x_api.o
 .debug_abbrev  0x000034c8      0x2aa ./Libs/VL53L0X/core/src/vl53l0x_api_calibration.o
 .debug_abbrev  0x00003772      0x2c2 ./Libs/VL53L0X/core/src/vl53l0x_api_core.o
 .debug_abbrev  0x00003a34      0x244 ./Libs/VL53L0X/platform/src/vl53l0x_platform.o

.debug_aranges  0x00000000     0x1a48
 .debug_aranges
                0x00000000       0x30 ./Core/Src/adc.o
 .debug_aranges
                0x00000030       0x20 ./Core/Src/gpio.o
 .debug_aranges
                0x00000050       0x38 ./Core/Src/i2c.o
 .debug_aranges
                0x00000088       0x30 ./Core/Src/main.o
 .debug_aranges
                0x000000b8       0x50 ./Core/Src/motors.o
 .debug_aranges
                0x00000108       0x20 ./Core/Src/stm32g4xx_hal_msp.o
 .debug_aranges
                0x00000128       0x70 ./Core/Src/stm32g4xx_it.o
 .debug_aranges
                0x00000198       0x28 ./Core/Src/system_stm32g4xx.o
 .debug_aranges
                0x000001c0       0x50 ./Core/Src/tim.o
 .debug_aranges
                0x00000210       0x28 ./Core/Src/timing.o
 .debug_aranges
                0x00000238       0x30 ./Core/Src/vl53l0x_user.o
 .debug_aranges
                0x00000268       0x28 ./Core/Startup/startup_stm32g431cbtx.o
 .debug_aranges
                0x00000290      0x148 ./Drivers/STM32G4xx_HAL_Driver/Src/stm32g4xx_hal.o
 .debug_aranges
                0x000003d8      0x248 ./Drivers/STM32G4xx_HAL_Driver/Src/stm32g4xx_hal_adc.o
 .debug_aranges
                0x00000620      0x1c0 ./Drivers/STM32G4xx_HAL_Driver/Src/stm32g4xx_hal_adc_ex.o
 .debug_aranges
                0x000007e0      0x128 ./Drivers/STM32G4xx_HAL_Driver/Src/stm32g4xx_hal_cortex.o
 .debug_aranges
                0x00000908       0x58 ./Drivers/STM32G4xx_HAL_Driver/Src/stm32g4xx_hal_gpio.o
 .debug_aranges
                0x00000960      0x2a0 ./Drivers/STM32G4xx_HAL_Driver/Src/stm32g4xx_hal_i2c.o
 .debug_aranges
                0x00000c00       0x48 ./Drivers/STM32G4xx_HAL_Driver/Src/stm32g4xx_hal_i2c_ex.o
 .debug_aranges
                0x00000c48      0x140 ./Drivers/STM32G4xx_HAL_Driver/Src/stm32g4xx_hal_pwr_ex.o
 .debug_aranges
                0x00000d88       0x98 ./Drivers/STM32G4xx_HAL_Driver/Src/stm32g4xx_hal_rcc.o
 .debug_aranges
                0x00000e20       0xb0 ./Drivers/STM32G4xx_HAL_Driver/Src/stm32g4xx_hal_rcc_ex.o
 .debug_aranges
                0x00000ed0      0x3e0 ./Drivers/STM32G4xx_HAL_Driver/Src/stm32g4xx_hal_tim.o
 .debug_aranges
                0x000012b0      0x240 ./Drivers/STM32G4xx_HAL_Driver/Src/stm32g4xx_hal_tim_ex.o
 .debug_aranges
                0x000014f0      0x330 ./Libs/VL53L0X/core/src/vl53l0x_api.o
 .debug_aranges
                0x00001820       0xd0 ./Libs/VL53L0X/core/src/vl53l0x_api_calibration.o
 .debug_aranges
                0x000018f0       0xe0 ./Libs/VL53L0X/core/src/vl53l0x_api_core.o
 .debug_aranges
                0x000019d0       0x78 ./Libs/VL53L0X/platform/src/vl53l0x_platform.o

.debug_rnglists
                0x00000000     0x1439
 .debug_rnglists
                0x00000000       0x21 ./Core/Src/adc.o
 .debug_rnglists
                0x00000021       0x14 ./Core/Src/gpio.o
 .debug_rnglists
                0x00000035       0x28 ./Core/Src/i2c.o
 .debug_rnglists
                0x0000005d       0x20 ./Core/Src/main.o
 .debug_rnglists
                0x0000007d       0x38 ./Core/Src/motors.o
 .debug_rnglists
                0x000000b5       0x13 ./Core/Src/stm32g4xx_hal_msp.o
 .debug_rnglists
                0x000000c8       0x4f ./Core/Src/stm32g4xx_it.o
 .debug_rnglists
                0x00000117       0x1a ./Core/Src/system_stm32g4xx.o
 .debug_rnglists
                0x00000131       0x38 ./Core/Src/tim.o
 .debug_rnglists
                0x00000169       0x19 ./Core/Src/timing.o
 .debug_rnglists
                0x00000182       0x20 ./Core/Src/vl53l0x_user.o
 .debug_rnglists
                0x000001a2       0x19 ./Core/Startup/startup_stm32g431cbtx.o
 .debug_rnglists
                0x000001bb       0xf1 ./Drivers/STM32G4xx_HAL_Driver/Src/stm32g4xx_hal.o
 .debug_rnglists
                0x000002ac      0x1c0 ./Drivers/STM32G4xx_HAL_Driver/Src/stm32g4xx_hal_adc.o
 .debug_rnglists
                0x0000046c      0x15a ./Drivers/STM32G4xx_HAL_Driver/Src/stm32g4xx_hal_adc_ex.o
 .debug_rnglists
                0x000005c6       0xda ./Drivers/STM32G4xx_HAL_Driver/Src/stm32g4xx_hal_cortex.o
 .debug_rnglists
                0x000006a0       0x3f ./Drivers/STM32G4xx_HAL_Driver/Src/stm32g4xx_hal_gpio.o
 .debug_rnglists
                0x000006df      0x228 ./Drivers/STM32G4xx_HAL_Driver/Src/stm32g4xx_hal_i2c.o
 .debug_rnglists
                0x00000907       0x35 ./Drivers/STM32G4xx_HAL_Driver/Src/stm32g4xx_hal_i2c_ex.o
 .debug_rnglists
                0x0000093c       0xf1 ./Drivers/STM32G4xx_HAL_Driver/Src/stm32g4xx_hal_pwr_ex.o
 .debug_rnglists
                0x00000a2d       0x74 ./Drivers/STM32G4xx_HAL_Driver/Src/stm32g4xx_hal_rcc.o
 .debug_rnglists
                0x00000aa1       0x87 ./Drivers/STM32G4xx_HAL_Driver/Src/stm32g4xx_hal_rcc_ex.o
 .debug_rnglists
                0x00000b28      0x328 ./Drivers/STM32G4xx_HAL_Driver/Src/stm32g4xx_hal_tim.o
 .debug_rnglists
                0x00000e50      0x1cc ./Drivers/STM32G4xx_HAL_Driver/Src/stm32g4xx_hal_tim_ex.o
 .debug_rnglists
                0x0000101c      0x276 ./Libs/VL53L0X/core/src/vl53l0x_api.o
 .debug_rnglists
                0x00001292       0xa4 ./Libs/VL53L0X/core/src/vl53l0x_api_calibration.o
 .debug_rnglists
                0x00001336       0xae ./Libs/VL53L0X/core/src/vl53l0x_api_core.o
 .debug_rnglists
                0x000013e4       0x55 ./Libs/VL53L0X/platform/src/vl53l0x_platform.o

.debug_macro    0x00000000    0x22888
 .debug_macro   0x00000000      0x20f ./Core/Src/adc.o
 .debug_macro   0x0000020f      0xad8 ./Core/Src/adc.o
 .debug_macro   0x00000ce7      0x161 ./Core/Src/adc.o
 .debug_macro   0x00000e48       0x2e ./Core/Src/adc.o
 .debug_macro   0x00000e76       0x28 ./Core/Src/adc.o
 .debug_macro   0x00000e9e       0x22 ./Core/Src/adc.o
 .debug_macro   0x00000ec0       0x8e ./Core/Src/adc.o
 .debug_macro   0x00000f4e       0x51 ./Core/Src/adc.o
 .debug_macro   0x00000f9f      0x103 ./Core/Src/adc.o
 .debug_macro   0x000010a2       0x6a ./Core/Src/adc.o
 .debug_macro   0x0000110c      0x1df ./Core/Src/adc.o
 .debug_macro   0x000012eb       0x1c ./Core/Src/adc.o
 .debug_macro   0x00001307       0x22 ./Core/Src/adc.o
 .debug_macro   0x00001329       0xfb ./Core/Src/adc.o
 .debug_macro   0x00001424     0x1011 ./Core/Src/adc.o
 .debug_macro   0x00002435      0x11f ./Core/Src/adc.o
 .debug_macro   0x00002554    0x1138f ./Core/Src/adc.o
 .debug_macro   0x000138e3       0x6d ./Core/Src/adc.o
 .debug_macro   0x00013950     0x3558 ./Core/Src/adc.o
 .debug_macro   0x00016ea8      0x190 ./Core/Src/adc.o
 .debug_macro   0x00017038       0x5c ./Core/Src/adc.o
 .debug_macro   0x00017094     0x141d ./Core/Src/adc.o
 .debug_macro   0x000184b1      0x535 ./Core/Src/adc.o
 .debug_macro   0x000189e6      0x1b6 ./Core/Src/adc.o
 .debug_macro   0x00018b9c      0x288 ./Core/Src/adc.o
 .debug_macro   0x00018e24      0x41d ./Core/Src/adc.o
 .debug_macro   0x00019241      0x18b ./Core/Src/adc.o
 .debug_macro   0x000193cc       0x43 ./Core/Src/adc.o
 .debug_macro   0x0001940f      0x23d ./Core/Src/adc.o
 .debug_macro   0x0001964c     0x1112 ./Core/Src/adc.o
 .debug_macro   0x0001a75e      0x72e ./Core/Src/adc.o
 .debug_macro   0x0001ae8c      0x391 ./Core/Src/adc.o
 .debug_macro   0x0001b21d      0x211 ./Core/Src/adc.o
 .debug_macro   0x0001b42e      0x401 ./Core/Src/adc.o
 .debug_macro   0x0001b82f      0x107 ./Core/Src/adc.o
 .debug_macro   0x0001b936      0x22c ./Core/Src/adc.o
 .debug_macro   0x0001bb62       0x61 ./Core/Src/adc.o
 .debug_macro   0x0001bbc3       0xa5 ./Core/Src/adc.o
 .debug_macro   0x0001bc68      0x122 ./Core/Src/adc.o
 .debug_macro   0x0001bd8a      0x3d1 ./Core/Src/adc.o
 .debug_macro   0x0001c15b      0xbda ./Core/Src/adc.o
 .debug_macro   0x0001cd35      0x47e ./Core/Src/adc.o
 .debug_macro   0x0001d1b3      0x306 ./Core/Src/adc.o
 .debug_macro   0x0001d4b9       0xdc ./Core/Src/adc.o
 .debug_macro   0x0001d595      0x20f ./Core/Src/gpio.o
 .debug_macro   0x0001d7a4      0x20f ./Core/Src/i2c.o
 .debug_macro   0x0001d9b3      0x3eb ./Core/Src/main.o
 .debug_macro   0x0001dd9e       0x2a ./Core/Src/main.o
 .debug_macro   0x0001ddc8       0x61 ./Core/Src/main.o
 .debug_macro   0x0001de29       0x43 ./Core/Src/main.o
 .debug_macro   0x0001de6c       0x34 ./Core/Src/main.o
 .debug_macro   0x0001dea0       0x16 ./Core/Src/main.o
 .debug_macro   0x0001deb6       0x3c ./Core/Src/main.o
 .debug_macro   0x0001def2      0x370 ./Core/Src/main.o
 .debug_macro   0x0001e262       0x16 ./Core/Src/main.o
 .debug_macro   0x0001e278       0x4a ./Core/Src/main.o
 .debug_macro   0x0001e2c2       0x34 ./Core/Src/main.o
 .debug_macro   0x0001e2f6       0x10 ./Core/Src/main.o
 .debug_macro   0x0001e306       0x58 ./Core/Src/main.o
 .debug_macro   0x0001e35e       0x8e ./Core/Src/main.o
 .debug_macro   0x0001e3ec       0x1c ./Core/Src/main.o
 .debug_macro   0x0001e408      0x185 ./Core/Src/main.o
 .debug_macro   0x0001e58d       0x16 ./Core/Src/main.o
 .debug_macro   0x0001e5a3       0x29 ./Core/Src/main.o
 .debug_macro   0x0001e5cc       0x76 ./Core/Src/main.o
 .debug_macro   0x0001e642      0x29c ./Core/Src/main.o
 .debug_macro   0x0001e8de      0x203 ./Core/Src/main.o
 .debug_macro   0x0001eae1       0x1c ./Core/Src/main.o
 .debug_macro   0x0001eafd       0x10 ./Core/Src/main.o
 .debug_macro   0x0001eb0d       0x1c ./Core/Src/main.o
 .debug_macro   0x0001eb29       0x16 ./Core/Src/main.o
 .debug_macro   0x0001eb3f      0x146 ./Core/Src/main.o
 .debug_macro   0x0001ec85       0x16 ./Core/Src/main.o
 .debug_macro   0x0001ec9b       0x20 ./Core/Src/main.o
 .debug_macro   0x0001ecbb       0x2e ./Core/Src/main.o
 .debug_macro   0x0001ece9       0x17 ./Core/Src/main.o
 .debug_macro   0x0001ed00      0x1d2 ./Core/Src/main.o
 .debug_macro   0x0001eed2      0x2f3 ./Core/Src/motors.o
 .debug_macro   0x0001f1c5      0x205 ./Core/Src/stm32g4xx_hal_msp.o
 .debug_macro   0x0001f3ca      0x20f ./Core/Src/stm32g4xx_it.o
 .debug_macro   0x0001f5d9      0x1f6 ./Core/Src/system_stm32g4xx.o
 .debug_macro   0x0001f7cf      0x20f ./Core/Src/tim.o
 .debug_macro   0x0001f9de      0x219 ./Core/Src/timing.o
 .debug_macro   0x0001fbf7      0x39b ./Core/Src/vl53l0x_user.o
 .debug_macro   0x0001ff92       0x16 ./Core/Src/vl53l0x_user.o
 .debug_macro   0x0001ffa8       0x16 ./Core/Src/vl53l0x_user.o
 .debug_macro   0x0001ffbe      0x244 ./Drivers/STM32G4xx_HAL_Driver/Src/stm32g4xx_hal.o
 .debug_macro   0x00020202      0x213 ./Drivers/STM32G4xx_HAL_Driver/Src/stm32g4xx_hal_adc.o
 .debug_macro   0x00020415      0x202 ./Drivers/STM32G4xx_HAL_Driver/Src/stm32g4xx_hal_adc_ex.o
 .debug_macro   0x00020617      0x1f6 ./Drivers/STM32G4xx_HAL_Driver/Src/stm32g4xx_hal_cortex.o
 .debug_macro   0x0002080d      0x1fd ./Drivers/STM32G4xx_HAL_Driver/Src/stm32g4xx_hal_gpio.o
 .debug_macro   0x00020a0a      0x2c2 ./Drivers/STM32G4xx_HAL_Driver/Src/stm32g4xx_hal_i2c.o
 .debug_macro   0x00020ccc      0x1f6 ./Drivers/STM32G4xx_HAL_Driver/Src/stm32g4xx_hal_i2c_ex.o
 .debug_macro   0x00020ec2      0x220 ./Drivers/STM32G4xx_HAL_Driver/Src/stm32g4xx_hal_pwr_ex.o
 .debug_macro   0x000210e2      0x238 ./Drivers/STM32G4xx_HAL_Driver/Src/stm32g4xx_hal_rcc.o
 .debug_macro   0x0002131a      0x220 ./Drivers/STM32G4xx_HAL_Driver/Src/stm32g4xx_hal_rcc_ex.o
 .debug_macro   0x0002153a      0x1fe ./Drivers/STM32G4xx_HAL_Driver/Src/stm32g4xx_hal_tim.o
 .debug_macro   0x00021738      0x1fc ./Drivers/STM32G4xx_HAL_Driver/Src/stm32g4xx_hal_tim_ex.o
 .debug_macro   0x00021934      0x3dc ./Libs/VL53L0X/core/src/vl53l0x_api.o
 .debug_macro   0x00021d10       0x56 ./Libs/VL53L0X/core/src/vl53l0x_api.o
 .debug_macro   0x00021d66      0x3d6 ./Libs/VL53L0X/core/src/vl53l0x_api_calibration.o
 .debug_macro   0x0002213c      0x3c4 ./Libs/VL53L0X/core/src/vl53l0x_api_core.o
 .debug_macro   0x00022500      0x388 ./Libs/VL53L0X/platform/src/vl53l0x_platform.o

.debug_line     0x00000000    0x1dd48
 .debug_line    0x00000000      0x7f2 ./Core/Src/adc.o
 .debug_line    0x000007f2      0x757 ./Core/Src/gpio.o
 .debug_line    0x00000f49      0x858 ./Core/Src/i2c.o
 .debug_line    0x000017a1      0xaa3 ./Core/Src/main.o
 .debug_line    0x00002244      0x94b ./Core/Src/motors.o
 .debug_line    0x00002b8f      0x708 ./Core/Src/stm32g4xx_hal_msp.o
 .debug_line    0x00003297      0x7e9 ./Core/Src/stm32g4xx_it.o
 .debug_line    0x00003a80      0x774 ./Core/Src/system_stm32g4xx.o
 .debug_line    0x000041f4      0x843 ./Core/Src/tim.o
 .debug_line    0x00004a37      0x74c ./Core/Src/timing.o
 .debug_line    0x00005183      0xa94 ./Core/Src/vl53l0x_user.o
 .debug_line    0x00005c17       0x7b ./Core/Startup/startup_stm32g431cbtx.o
 .debug_line    0x00005c92      0xb40 ./Drivers/STM32G4xx_HAL_Driver/Src/stm32g4xx_hal.o
 .debug_line    0x000067d2     0x1f4a ./Drivers/STM32G4xx_HAL_Driver/Src/stm32g4xx_hal_adc.o
 .debug_line    0x0000871c     0x1961 ./Drivers/STM32G4xx_HAL_Driver/Src/stm32g4xx_hal_adc_ex.o
 .debug_line    0x0000a07d      0xca5 ./Drivers/STM32G4xx_HAL_Driver/Src/stm32g4xx_hal_cortex.o
 .debug_line    0x0000ad22      0xb19 ./Drivers/STM32G4xx_HAL_Driver/Src/stm32g4xx_hal_gpio.o
 .debug_line    0x0000b83b     0x36d4 ./Drivers/STM32G4xx_HAL_Driver/Src/stm32g4xx_hal_i2c.o
 .debug_line    0x0000ef0f      0x86d ./Drivers/STM32G4xx_HAL_Driver/Src/stm32g4xx_hal_i2c_ex.o
 .debug_line    0x0000f77c      0xc9f ./Drivers/STM32G4xx_HAL_Driver/Src/stm32g4xx_hal_pwr_ex.o
 .debug_line    0x0001041b      0xfc3 ./Drivers/STM32G4xx_HAL_Driver/Src/stm32g4xx_hal_rcc.o
 .debug_line    0x000113de     0x10ef ./Drivers/STM32G4xx_HAL_Driver/Src/stm32g4xx_hal_rcc_ex.o
 .debug_line    0x000124cd     0x3ea7 ./Drivers/STM32G4xx_HAL_Driver/Src/stm32g4xx_hal_tim.o
 .debug_line    0x00016374     0x1f87 ./Drivers/STM32G4xx_HAL_Driver/Src/stm32g4xx_hal_tim_ex.o
 .debug_line    0x000182fb     0x1ff2 ./Libs/VL53L0X/core/src/vl53l0x_api.o
 .debug_line    0x0001a2ed     0x135f ./Libs/VL53L0X/core/src/vl53l0x_api_calibration.o
 .debug_line    0x0001b64c     0x1b26 ./Libs/VL53L0X/core/src/vl53l0x_api_core.o
 .debug_line    0x0001d172      0xbd6 ./Libs/VL53L0X/platform/src/vl53l0x_platform.o

.debug_str      0x00000000    0xdef80
 .debug_str     0x00000000    0xdef80 ./Core/Src/adc.o
                              0xcf520 (size before relaxing)
 .debug_str     0x000def80    0xcec4e ./Core/Src/gpio.o
 .debug_str     0x000def80    0xcef6a ./Core/Src/i2c.o
 .debug_str     0x000def80    0xd6021 ./Core/Src/main.o
 .debug_str     0x000def80    0xd1f99 ./Core/Src/motors.o
 .debug_str     0x000def80    0xce71d ./Core/Src/stm32g4xx_hal_msp.o
 .debug_str     0x000def80    0xcec70 ./Core/Src/stm32g4xx_it.o
 .debug_str     0x000def80    0xce467 ./Core/Src/system_stm32g4xx.o
 .debug_str     0x000def80    0xcefb1 ./Core/Src/tim.o
 .debug_str     0x000def80    0xcebe9 ./Core/Src/timing.o
 .debug_str     0x000def80    0xd650d ./Core/Src/vl53l0x_user.o
 .debug_str     0x000def80       0x75 ./Core/Startup/startup_stm32g431cbtx.o
 .debug_str     0x000def80    0xcefa6 ./Drivers/STM32G4xx_HAL_Driver/Src/stm32g4xx_hal.o
 .debug_str     0x000def80    0xcf494 ./Drivers/STM32G4xx_HAL_Driver/Src/stm32g4xx_hal_adc.o
 .debug_str     0x000def80    0xcf43a ./Drivers/STM32G4xx_HAL_Driver/Src/stm32g4xx_hal_adc_ex.o
 .debug_str     0x000def80    0xcec62 ./Drivers/STM32G4xx_HAL_Driver/Src/stm32g4xx_hal_cortex.o
 .debug_str     0x000def80    0xce5f2 ./Drivers/STM32G4xx_HAL_Driver/Src/stm32g4xx_hal_gpio.o
 .debug_str     0x000def80    0xcf771 ./Drivers/STM32G4xx_HAL_Driver/Src/stm32g4xx_hal_i2c.o
 .debug_str     0x000def80    0xcea86 ./Drivers/STM32G4xx_HAL_Driver/Src/stm32g4xx_hal_i2c_ex.o
 .debug_str     0x000def80    0xce955 ./Drivers/STM32G4xx_HAL_Driver/Src/stm32g4xx_hal_pwr_ex.o
 .debug_str     0x000def80    0xceb60 ./Drivers/STM32G4xx_HAL_Driver/Src/stm32g4xx_hal_rcc.o
 .debug_str     0x000def80    0xceb61 ./Drivers/STM32G4xx_HAL_Driver/Src/stm32g4xx_hal_rcc_ex.o
 .debug_str     0x000def80    0xcf965 ./Drivers/STM32G4xx_HAL_Driver/Src/stm32g4xx_hal_tim.o
 .debug_str     0x000def80    0xcf5d9 ./Drivers/STM32G4xx_HAL_Driver/Src/stm32g4xx_hal_tim_ex.o
 .debug_str     0x000def80    0xd7c97 ./Libs/VL53L0X/core/src/vl53l0x_api.o
 .debug_str     0x000def80    0xd6d4f ./Libs/VL53L0X/core/src/vl53l0x_api_calibration.o
 .debug_str     0x000def80    0xd7321 ./Libs/VL53L0X/core/src/vl53l0x_api_core.o
 .debug_str     0x000def80    0xd61e9 ./Libs/VL53L0X/platform/src/vl53l0x_platform.o

.comment        0x00000000       0x43
 .comment       0x00000000       0x43 ./Core/Src/adc.o
                                 0x44 (size before relaxing)
 .comment       0x00000043       0x44 ./Core/Src/gpio.o
 .comment       0x00000043       0x44 ./Core/Src/i2c.o
 .comment       0x00000043       0x44 ./Core/Src/main.o
 .comment       0x00000043       0x44 ./Core/Src/motors.o
 .comment       0x00000043       0x44 ./Core/Src/stm32g4xx_hal_msp.o
 .comment       0x00000043       0x44 ./Core/Src/stm32g4xx_it.o
 .comment       0x00000043       0x44 ./Core/Src/system_stm32g4xx.o
 .comment       0x00000043       0x44 ./Core/Src/tim.o
 .comment       0x00000043       0x44 ./Core/Src/timing.o
 .comment       0x00000043       0x44 ./Core/Src/vl53l0x_user.o
 .comment       0x00000043       0x44 ./Drivers/STM32G4xx_HAL_Driver/Src/stm32g4xx_hal.o
 .comment       0x00000043       0x44 ./Drivers/STM32G4xx_HAL_Driver/Src/stm32g4xx_hal_adc.o
 .comment       0x00000043       0x44 ./Drivers/STM32G4xx_HAL_Driver/Src/stm32g4xx_hal_adc_ex.o
 .comment       0x00000043       0x44 ./Drivers/STM32G4xx_HAL_Driver/Src/stm32g4xx_hal_cortex.o
 .comment       0x00000043       0x44 ./Drivers/STM32G4xx_HAL_Driver/Src/stm32g4xx_hal_gpio.o
 .comment       0x00000043       0x44 ./Drivers/STM32G4xx_HAL_Driver/Src/stm32g4xx_hal_i2c.o
 .comment       0x00000043       0x44 ./Drivers/STM32G4xx_HAL_Driver/Src/stm32g4xx_hal_i2c_ex.o
 .comment       0x00000043       0x44 ./Drivers/STM32G4xx_HAL_Driver/Src/stm32g4xx_hal_pwr_ex.o
 .comment       0x00000043       0x44 ./Drivers/STM32G4xx_HAL_Driver/Src/stm32g4xx_hal_rcc.o
 .comment       0x00000043       0x44 ./Drivers/STM32G4xx_HAL_Driver/Src/stm32g4xx_hal_rcc_ex.o
 .comment       0x00000043       0x44 ./Drivers/STM32G4xx_HAL_Driver/Src/stm32g4xx_hal_tim.o
 .comment       0x00000043       0x44 ./Drivers/STM32G4xx_HAL_Driver/Src/stm32g4xx_hal_tim_ex.o
 .comment       0x00000043       0x44 ./Libs/VL53L0X/core/src/vl53l0x_api.o
 .comment       0x00000043       0x44 ./Libs/VL53L0X/core/src/vl53l0x_api_calibration.o
 .comment       0x00000043       0x44 ./Libs/VL53L0X/core/src/vl53l0x_api_core.o
 .comment       0x00000043       0x44 ./Libs/VL53L0X/platform/src/vl53l0x_platform.o

.debug_frame    0x00000000     0x7048
 .debug_frame   0x00000000       0x7c ./Core/Src/adc.o
 .debug_frame   0x0000007c       0x34 ./Core/Src/gpio.o
 .debug_frame   0x000000b0       0x94 ./Core/Src/i2c.o
 .debug_frame   0x00000144       0x6c ./Core/Src/main.o
 .debug_frame   0x000001b0       0xfc ./Core/Src/motors.o
 .debug_frame   0x000002ac       0x34 ./Core/Src/stm32g4xx_hal_msp.o
 .debug_frame   0x000002e0      0x13c ./Core/Src/stm32g4xx_it.o
 .debug_frame   0x0000041c       0x58 ./Core/Src/system_stm32g4xx.o
 .debug_frame   0x00000474      0x11c ./Core/Src/tim.o
 .debug_frame   0x00000590       0x5c ./Core/Src/timing.o
 .debug_frame   0x000005ec       0x80 ./Core/Src/vl53l0x_user.o
 .debug_frame   0x0000066c      0x500 ./Drivers/STM32G4xx_HAL_Driver/Src/stm32g4xx_hal.o
 .debug_frame   0x00000b6c      0xacc ./Drivers/STM32G4xx_HAL_Driver/Src/stm32g4xx_hal_adc.o
 .debug_frame   0x00001638      0x81c ./Drivers/STM32G4xx_HAL_Driver/Src/stm32g4xx_hal_adc_ex.o
 .debug_frame   0x00001e54      0x4e8 ./Drivers/STM32G4xx_HAL_Driver/Src/stm32g4xx_hal_cortex.o
 .debug_frame   0x0000233c      0x14c ./Drivers/STM32G4xx_HAL_Driver/Src/stm32g4xx_hal_gpio.o
 .debug_frame   0x00002488      0xc38 ./Drivers/STM32G4xx_HAL_Driver/Src/stm32g4xx_hal_i2c.o
 .debug_frame   0x000030c0      0x100 ./Drivers/STM32G4xx_HAL_Driver/Src/stm32g4xx_hal_i2c_ex.o
 .debug_frame   0x000031c0      0x4fc ./Drivers/STM32G4xx_HAL_Driver/Src/stm32g4xx_hal_pwr_ex.o
 .debug_frame   0x000036bc      0x23c ./Drivers/STM32G4xx_HAL_Driver/Src/stm32g4xx_hal_rcc.o
 .debug_frame   0x000038f8      0x2ac ./Drivers/STM32G4xx_HAL_Driver/Src/stm32g4xx_hal_rcc_ex.o
 .debug_frame   0x00003ba4     0x121c ./Drivers/STM32G4xx_HAL_Driver/Src/stm32g4xx_hal_tim.o
 .debug_frame   0x00004dc0      0xa68 ./Drivers/STM32G4xx_HAL_Driver/Src/stm32g4xx_hal_tim_ex.o
 .debug_frame   0x00005828      0xe94 ./Libs/VL53L0X/core/src/vl53l0x_api.o
 .debug_frame   0x000066bc      0x374 ./Libs/VL53L0X/core/src/vl53l0x_api_calibration.o
 .debug_frame   0x00006a30      0x3c4 ./Libs/VL53L0X/core/src/vl53l0x_api_core.o
 .debug_frame   0x00006df4      0x1c0 ./Libs/VL53L0X/platform/src/vl53l0x_platform.o
 .debug_frame   0x00006fb4       0x20 /home/jakub/st/stm32cubeide_1.18.1/plugins/com.st.stm32cube.ide.mcu.externaltools.gnu-tools-for-stm32.13.3.rel1.linux64_1.0.0.202410170706/tools/bin/../lib/gcc/arm-none-eabi/13.3.1/../../../../arm-none-eabi/lib/thumb/v7e-m+fp/hard/libc_nano.a(libc_a-memset.o)
 .debug_frame   0x00006fd4       0x2c /home/jakub/st/stm32cubeide_1.18.1/plugins/com.st.stm32cube.ide.mcu.externaltools.gnu-tools-for-stm32.13.3.rel1.linux64_1.0.0.202410170706/tools/bin/../lib/gcc/arm-none-eabi/13.3.1/../../../../arm-none-eabi/lib/thumb/v7e-m+fp/hard/libc_nano.a(libc_a-init.o)
 .debug_frame   0x00007000       0x20 /home/jakub/st/stm32cubeide_1.18.1/plugins/com.st.stm32cube.ide.mcu.externaltools.gnu-tools-for-stm32.13.3.rel1.linux64_1.0.0.202410170706/tools/bin/../lib/gcc/arm-none-eabi/13.3.1/../../../../arm-none-eabi/lib/thumb/v7e-m+fp/hard/libc_nano.a(libc_a-strcpy.o)
 .debug_frame   0x00007020       0x28 /home/jakub/st/stm32cubeide_1.18.1/plugins/com.st.stm32cube.ide.mcu.externaltools.gnu-tools-for-stm32.13.3.rel1.linux64_1.0.0.202410170706/tools/bin/../lib/gcc/arm-none-eabi/13.3.1/../../../../arm-none-eabi/lib/thumb/v7e-m+fp/hard/libc_nano.a(libc_a-memcpy-stub.o)

.debug_line_str
                0x00000000       0x59
 .debug_line_str
                0x00000000       0x59 ./Core/Startup/startup_stm32g431cbtx.o
