00:42:27 **** Incremental Build of configuration Debug for project Software ****
make -j8 all 
arm-none-eabi-gcc "../Core/Src/main.c" -mcpu=cortex-m4 -std=gnu11 -g3 -DDEBUG -DUSE_HAL_DRIVER -DSTM32G431xx -c -I../Core/Inc -I"/home/jakub/Projekty/MiniWilus2.0/Software/Libs/VL53L0X/core/inc" -I"/home/jakub/Projekty/MiniWilus2.0/Software/Libs/VL53L0X/platform/inc" -I../Drivers/STM32G4xx_HAL_Driver/Inc -I../Drivers/STM32G4xx_HAL_Driver/Inc/Legacy -I../Drivers/CMSIS/Device/ST/STM32G4xx/Include -I../Drivers/CMSIS/Include -O0 -ffunction-sections -fdata-sections -Wall -fstack-usage -fcyclomatic-complexity -MMD -MP -MF"Core/Src/main.d" -MT"Core/Src/main.o" --specs=nano.specs -mfpu=fpv4-sp-d16 -mfloat-abi=hard -mthumb -o "Core/Src/main.o"
arm-none-eabi-gcc -o "Software.elf" @"objects.list"   -mcpu=cortex-m4 -T"/home/jakub/Projekty/MiniWilus2.0/Software/STM32G431CBTX_FLASH.ld" --specs=nosys.specs -Wl,-Map="Software.map" -Wl,--gc-sections -static --specs=nano.specs -mfpu=fpv4-sp-d16 -mfloat-abi=hard -mthumb -Wl,--start-group -lc -lm -Wl,--end-group
Finished building target: Software.elf
 
arm-none-eabi-size  Software.elf 
arm-none-eabi-objdump -h -S Software.elf  > "Software.list"
   text	   data	    bss	    dec	    hex	filename
  42396	    712	   3672	  46780	   b6bc	Software.elf
Finished building: default.size.stdout
 
Finished building: Software.list
 
00:42:31 **** Incremental Build of configuration Debug for project Software ****
make -j8 all 
arm-none-eabi-size  Software.elf 
   text	   data	    bss	    dec	    hex	filename
  42396	    712	   3672	  46780	   b6bc	Software.elf
Finished building: default.size.stdout
 
